<html>
<body>
<pre>
<h1>�Vision Build Log</h1>
<h2>Tool Versions:</h2>
IDE-Version: µVision V5.38.0.0
Copyright (C) 2022 ARM Ltd and ARM Germany GmbH. All rights reserved.
License Information: a 1529948609@qq.com, a, LIC=76F5U-SQGRG-2ZUW4-FZJ3V-WPZ1U-DRZ4C
 
Tool Versions:
Toolchain:       MDK-ARM Plus  Version: 5.38.0.0
Toolchain Path:  C:\Keil_v5\ARM\ARMCC\Bin
C Compiler:      Armcc.exe V5.06 update 5 (build 528)
Assembler:       Armasm.exe V5.06 update 5 (build 528)
Linker/Locator:  ArmLink.exe V5.06 update 5 (build 528)
Library Manager: ArmAr.exe V5.06 update 5 (build 528)
Hex Converter:   FromElf.exe V5.06 update 5 (build 528)
CPU DLL:         SARMCM3.DLL V5.38.0.0
Dialog DLL:      DCM.DLL V1.17.5.0
Target DLL:      CMSIS_AGDI.dll V1.33.15.0
Dialog DLL:      TCM.DLL V1.56.4.0
 
<h2>Project:</h2>
C:\Users\15299\Desktop\STM32Cube\H7_陀螺仪解算+RTOS\MDK-ARM\H7_RTOS.uvprojx
Project File Date:  05/07/2026

<h2>Output:</h2>
*** Using Compiler 'V5.06 update 5 (build 528)', folder: 'C:\Keil_v5\ARM\ARMCC\Bin'
Rebuild target 'H7_RTOS'
assembling startup_stm32h743xx.s...
compiling stm32h7xx_it.c...
compiling usart.c...
compiling memorymap.c...
compiling stm32h7xx_hal_tim_ex.c...
compiling main.c...
compiling stm32h7xx_hal_msp.c...
compiling spi.c...
compiling freertos.c...
compiling stm32h7xx_hal_timebase_tim.c...
compiling tim.c...
compiling gpio.c...
compiling stm32h7xx_hal_tim.c...
compiling stm32h7xx_hal_pwr_ex.c...
compiling stm32h7xx_hal.c...
compiling stm32h7xx_hal_i2c.c...
compiling stm32h7xx_hal_i2c_ex.c...
compiling stm32h7xx_hal_exti.c...
compiling stm32h7xx_hal_pwr.c...
compiling stm32h7xx_hal_cortex.c...
compiling stm32h7xx_hal_hsem.c...
compiling stm32h7xx_hal_mdma.c...
compiling stm32h7xx_hal_gpio.c...
compiling croutine.c...
compiling event_groups.c...
compiling list.c...
compiling stm32h7xx_hal_flash.c...
compiling stream_buffer.c...
compiling queue.c...
compiling timers.c...
compiling tasks.c...
compiling heap_4.c...
compiling port.c...
compiling stm32h7xx_hal_flash_ex.c...
compiling stm32h7xx_hal_rcc.c...
compiling stm32h7xx_hal_dma_ex.c...
compiling stm32h7xx_hal_rcc_ex.c...
compiling stm32h7xx_hal_spi_ex.c...
compiling stm32h7xx_hal_spi.c...
compiling system_stm32h7xx.c...
compiling stm32h7xx_hal_dma.c...
compiling stm32h7xx_hal_uart_ex.c...
compiling Mahony.c...
compiling ICM42688.c...
compiling cmsis_os2.c...
compiling stm32h7xx_hal_uart.c...
linking...
Program Size: Code=40396 RO-data=1020 RW-data=164 ZI-data=49612  
FromELF: creating hex file...
"H7_RTOS\H7_RTOS.axf" - 0 Error(s), 0 Warning(s).

<h2>Software Packages used:</h2>

Package Vendor: ARM
                http://www.keil.com/pack/ARM.CMSIS.5.9.0.pack
                ARM.CMSIS.5.9.0
                CMSIS (Common Microcontroller Software Interface Standard)
   * Component: CORE Version: 5.6.0

Package Vendor: Keil
                https://www.keil.com/pack/Keil.STM32H7xx_DFP.4.1.3.pack
                Keil.STM32H7xx_DFP.4.1.3
                STMicroelectronics STM32H7 Series Device Support

<h2>Collection of Component include folders:</h2>
  ./RTE/_H7_RTOS
  C:/Keil_v5/ARM/PACK/ARM/CMSIS/5.9.0/CMSIS/Core/Include

<h2>Collection of Component Files used:</h2>

   * Component: ARM::CMSIS:CORE:5.6.0
      Include file:  CMSIS/Core/Include/tz_context.h
Build Time Elapsed:  00:01:00
</pre>
</body>
</html>
