Component: ARM Compiler 5.06 update 5 (build 528) Tool: armlink [4d35e2]

==============================================================================

Section Cross References

    startup_stm32h743xx.o(STACK) refers (Special) to heapauxi.o(.text) for __use_two_region_memory
    startup_stm32h743xx.o(HEAP) refers (Special) to heapauxi.o(.text) for __use_two_region_memory
    startup_stm32h743xx.o(RESET) refers (Special) to heapauxi.o(.text) for __use_two_region_memory
    startup_stm32h743xx.o(RESET) refers to startup_stm32h743xx.o(STACK) for __initial_sp
    startup_stm32h743xx.o(RESET) refers to startup_stm32h743xx.o(.text) for Reset_Handler
    startup_stm32h743xx.o(RESET) refers to stm32h7xx_it.o(i.NMI_Handler) for NMI_Handler
    startup_stm32h743xx.o(RESET) refers to stm32h7xx_it.o(i.HardFault_Handler) for HardFault_Handler
    startup_stm32h743xx.o(RESET) refers to stm32h7xx_it.o(i.MemManage_Handler) for MemManage_Handler
    startup_stm32h743xx.o(RESET) refers to stm32h7xx_it.o(i.BusFault_Handler) for BusFault_Handler
    startup_stm32h743xx.o(RESET) refers to stm32h7xx_it.o(i.UsageFault_Handler) for UsageFault_Handler
    startup_stm32h743xx.o(RESET) refers to port.o(.emb_text) for SVC_Handler
    startup_stm32h743xx.o(RESET) refers to stm32h7xx_it.o(i.DebugMon_Handler) for DebugMon_Handler
    startup_stm32h743xx.o(RESET) refers to cmsis_os2.o(i.SysTick_Handler) for SysTick_Handler
    startup_stm32h743xx.o(RESET) refers to stm32h7xx_it.o(i.TIM1_UP_IRQHandler) for TIM1_UP_IRQHandler
    startup_stm32h743xx.o(RESET) refers to stm32h7xx_it.o(i.TIM2_IRQHandler) for TIM2_IRQHandler
    startup_stm32h743xx.o(RESET) refers to stm32h7xx_it.o(i.USART1_IRQHandler) for USART1_IRQHandler
    startup_stm32h743xx.o(.text) refers (Special) to heapauxi.o(.text) for __use_two_region_memory
    startup_stm32h743xx.o(.text) refers to system_stm32h7xx.o(i.ExitRun0Mode) for ExitRun0Mode
    startup_stm32h743xx.o(.text) refers to system_stm32h7xx.o(i.SystemInit) for SystemInit
    startup_stm32h743xx.o(.text) refers to __main.o(!!!main) for __main
    startup_stm32h743xx.o(.text) refers to startup_stm32h743xx.o(HEAP) for Heap_Mem
    startup_stm32h743xx.o(.text) refers to startup_stm32h743xx.o(STACK) for Stack_Mem
    main.o(i.HAL_TIM_PeriodElapsedCallback) refers to stm32h7xx_hal.o(i.HAL_IncTick) for HAL_IncTick
    main.o(i.HAL_TIM_PeriodElapsedCallback) refers to mahony.o(i.USE_TIM_Get_Data) for USE_TIM_Get_Data
    main.o(i.MPU_Config) refers to stm32h7xx_hal_cortex.o(i.HAL_MPU_Disable) for HAL_MPU_Disable
    main.o(i.MPU_Config) refers to stm32h7xx_hal_cortex.o(i.HAL_MPU_ConfigRegion) for HAL_MPU_ConfigRegion
    main.o(i.MPU_Config) refers to stm32h7xx_hal_cortex.o(i.HAL_MPU_Enable) for HAL_MPU_Enable
    main.o(i.SystemClock_Config) refers to rt_memclr_w.o(.text) for __aeabi_memclr4
    main.o(i.SystemClock_Config) refers to stm32h7xx_hal_pwr_ex.o(i.HAL_PWREx_ConfigSupply) for HAL_PWREx_ConfigSupply
    main.o(i.SystemClock_Config) refers to stm32h7xx_hal_rcc.o(i.HAL_RCC_OscConfig) for HAL_RCC_OscConfig
    main.o(i.SystemClock_Config) refers to main.o(i.Error_Handler) for Error_Handler
    main.o(i.SystemClock_Config) refers to stm32h7xx_hal_rcc.o(i.HAL_RCC_ClockConfig) for HAL_RCC_ClockConfig
    main.o(i.Task_UartTx) refers to _printf_percent.o(.ARM.Collect$$_printf_percent$$00000000) for _printf_percent
    main.o(i.Task_UartTx) refers to _printf_f.o(.ARM.Collect$$_printf_percent$$00000003) for _printf_f
    main.o(i.Task_UartTx) refers to printf1.o(x$fpl$printf1) for _printf_fp_dec
    main.o(i.Task_UartTx) refers to __2sprintf.o(.text) for __2sprintf
    main.o(i.Task_UartTx) refers to stm32h7xx_hal_uart.o(i.HAL_UART_Transmit) for HAL_UART_Transmit
    main.o(i.Task_UartTx) refers to cmsis_os2.o(i.osDelay) for osDelay
    main.o(i.Task_UartTx) refers to mahony.o(.bss) for IMU
    main.o(i.Task_UartTx) refers to usart.o(.bss) for huart1
    main.o(i.main) refers to main.o(i.MPU_Config) for MPU_Config
    main.o(i.main) refers to stm32h7xx_hal.o(i.HAL_Init) for HAL_Init
    main.o(i.main) refers to main.o(i.SystemClock_Config) for SystemClock_Config
    main.o(i.main) refers to gpio.o(i.MX_GPIO_Init) for MX_GPIO_Init
    main.o(i.main) refers to tim.o(i.MX_TIM2_Init) for MX_TIM2_Init
    main.o(i.main) refers to spi.o(i.MX_SPI1_Init) for MX_SPI1_Init
    main.o(i.main) refers to usart.o(i.MX_USART1_UART_Init) for MX_USART1_UART_Init
    main.o(i.main) refers to stm32h7xx_hal_cortex.o(i.HAL_NVIC_SetPriority) for HAL_NVIC_SetPriority
    main.o(i.main) refers to icm42688.o(i.ICM42688_Init) for ICM42688_Init
    main.o(i.main) refers to mahony.o(i.IMU_Data_Init) for IMU_Data_Init
    main.o(i.main) refers to mahony.o(i.Gyro_Bias_Calibrate) for Gyro_Bias_Calibrate
    main.o(i.main) refers to cmsis_os2.o(i.osKernelInitialize) for osKernelInitialize
    main.o(i.main) refers to freertos.o(i.MX_FREERTOS_Init) for MX_FREERTOS_Init
    main.o(i.main) refers to cmsis_os2.o(i.osThreadNew) for osThreadNew
[...]
    _printf_post_padding                      - Undefined Weak Reference
    _printf_pre_padding                       - Undefined Weak Reference
    _printf_truncate_signed                   - Undefined Weak Reference
    _printf_truncate_unsigned                 - Undefined Weak Reference
    _rand_init                                - Undefined Weak Reference
    _signal_finish                            - Undefined Weak Reference
    _signal_init                              - Undefined Weak Reference
    _terminate_alloc                          - Undefined Weak Reference
    _terminate_user_alloc                     - Undefined Weak Reference
    _terminateio                              - Undefined Weak Reference
    __Vectors_Size                           0x00000298   Number         0  startup_stm32h743xx.o ABSOLUTE
    __Vectors                                0x08000000   Data           4  startup_stm32h743xx.o(RESET)
    __Vectors_End                            0x08000298   Data           0  startup_stm32h743xx.o(RESET)
    __main                                   0x08000299   Thumb Code     8  __main.o(!!!main)
    __scatterload                            0x080002a1   Thumb Code     0  __scatter.o(!!!scatter)
    __scatterload_rt2                        0x080002a1   Thumb Code    44  __scatter.o(!!!scatter)
    __scatterload_rt2_thumb_only             0x080002a1   Thumb Code     0  __scatter.o(!!!scatter)
    __scatterload_null                       0x080002af   Thumb Code     0  __scatter.o(!!!scatter)
    __scatterload_copy                       0x080002d5   Thumb Code    26  __scatter_copy.o(!!handler_copy)
    __scatterload_zeroinit                   0x080002f1   Thumb Code    28  __scatter_zi.o(!!handler_zi)
    _printf_f                                0x0800030d   Thumb Code     0  _printf_f.o(.ARM.Collect$$_printf_percent$$00000003)
    _printf_percent                          0x0800030d   Thumb Code     0  _printf_percent.o(.ARM.Collect$$_printf_percent$$00000000)
    _printf_percent_end                      0x08000313   Thumb Code     0  _printf_percent_end.o(.ARM.Collect$$_printf_percent$$00000017)
    __rt_lib_init                            0x08000317   Thumb Code     0  libinit.o(.ARM.Collect$$libinit$$00000000)
    __rt_lib_init_fp_1                       0x08000319   Thumb Code     0  libinit2.o(.ARM.Collect$$libinit$$00000001)
    __rt_lib_init_heap_1                     0x0800031d   Thumb Code     0  libinit2.o(.ARM.Collect$$libinit$$0000000A)
    __rt_lib_init_lc_common                  0x0800031d   Thumb Code     0  libinit2.o(.ARM.Collect$$libinit$$0000000F)
    __rt_lib_init_preinit_1                  0x0800031d   Thumb Code     0  libinit2.o(.ARM.Collect$$libinit$$00000004)
    __rt_lib_init_rand_1                     0x0800031d   Thumb Code     0  libinit2.o(.ARM.Collect$$libinit$$0000000E)
    __rt_lib_init_user_alloc_1               0x0800031d   Thumb Code     0  libinit2.o(.ARM.Collect$$libinit$$0000000C)
    __rt_lib_init_lc_collate_1               0x08000323   Thumb Code     0  libinit2.o(.ARM.Collect$$libinit$$00000011)
    __rt_lib_init_lc_ctype_1                 0x08000323   Thumb Code     0  libinit2.o(.ARM.Collect$$libinit$$00000013)
    __rt_lib_init_lc_monetary_1              0x08000323   Thumb Code     0  libinit2.o(.ARM.Collect$$libinit$$00000015)
    __rt_lib_init_lc_numeric_2               0x08000323   Thumb Code     0  libinit2.o(.ARM.Collect$$libinit$$00000016)
    __rt_lib_init_alloca_1                   0x0800032d   Thumb Code     0  libinit2.o(.ARM.Collect$$libinit$$0000002E)
    __rt_lib_init_argv_1                     0x0800032d   Thumb Code     0  libinit2.o(.ARM.Collect$$libinit$$0000002C)
    __rt_lib_init_atexit_1                   0x0800032d   Thumb Code     0  libinit2.o(.ARM.Collect$$libinit$$0000001B)
    __rt_lib_init_clock_1                    0x0800032d   Thumb Code     0  libinit2.o(.ARM.Collect$$libinit$$00000021)
    __rt_lib_init_cpp_1                      0x0800032d   Thumb Code     0  libinit2.o(.ARM.Collect$$libinit$$00000032)
    __rt_lib_init_exceptions_1               0x0800032d   Thumb Code     0  libinit2.o(.ARM.Collect$$libinit$$00000030)
    __rt_lib_init_fp_trap_1                  0x0800032d   Thumb Code     0  libinit2.o(.ARM.Collect$$libinit$$0000001F)
    __rt_lib_init_getenv_1                   0x0800032d   Thumb Code     0  libinit2.o(.ARM.Collect$$libinit$$00000023)
    __rt_lib_init_lc_numeric_1               0x0800032d   Thumb Code     0  libinit2.o(.ARM.Collect$$libinit$$00000017)
    __rt_lib_init_lc_time_1                  0x0800032d   Thumb Code     0  libinit2.o(.ARM.Collect$$libinit$$00000019)
    __rt_lib_init_return                     0x0800032d   Thumb Code     0  libinit2.o(.ARM.Collect$$libinit$$00000033)
    __rt_lib_init_signal_1                   0x0800032d   Thumb Code     0  libinit2.o(.ARM.Collect$$libinit$$0000001D)
    __rt_lib_init_stdio_1                    0x0800032d   Thumb Code     0  libinit2.o(.ARM.Collect$$libinit$$00000025)
    __rt_lib_shutdown                        0x0800032f   Thumb Code     0  libshutdown.o(.ARM.Collect$$libshutdown$$00000000)
    __rt_lib_shutdown_cpp_1                  0x08000331   Thumb Code     0  libshutdown2.o(.ARM.Collect$$libshutdown$$00000002)
    __rt_lib_shutdown_fp_trap_1              0x08000331   Thumb Code     0  libshutdown2.o(.ARM.Collect$$libshutdown$$00000007)
    __rt_lib_shutdown_heap_1                 0x08000331   Thumb Code     0  libshutdown2.o(.ARM.Collect$$libshutdown$$0000000F)
    __rt_lib_shutdown_return                 0x08000331   Thumb Code     0  libshutdown2.o(.ARM.Collect$$libshutdown$$00000010)
    __rt_lib_shutdown_signal_1               0x08000331   Thumb Code     0  libshutdown2.o(.ARM.Collect$$libshutdown$$0000000A)
    __rt_lib_shutdown_stdio_1                0x08000331   Thumb Code     0  libshutdown2.o(.ARM.Collect$$libshutdown$$00000004)
    __rt_lib_shutdown_user_alloc_1           0x08000331   Thumb Code     0  libshutdown2.o(.ARM.Collect$$libshutdown$$0000000C)
    __rt_entry                               0x08000333   Thumb Code     0  __rtentry.o(.ARM.Collect$$rtentry$$00000000)
    __rt_entry_presh_1                       0x08000333   Thumb Code     0  __rtentry2.o(.ARM.Collect$$rtentry$$00000002)
    __rt_entry_sh                            0x08000333   Thumb Code     0  __rtentry4.o(.ARM.Collect$$rtentry$$00000004)
    __rt_entry_li                            0x08000339   Thumb Code     0  __rtentry2.o(.ARM.Collect$$rtentry$$0000000A)
    __rt_entry_postsh_1                      0x08000339   Thumb Code     0  __rtentry2.o(.ARM.Collect$$rtentry$$00000009)
    __rt_entry_main                          0x0800033d   Thumb Code     0  __rtentry2.o(.ARM.Collect$$rtentry$$0000000D)
    __rt_entry_postli_1                      0x0800033d   Thumb Code     0  __rtentry2.o(.ARM.Collect$$rtentry$$0000000C)
    __rt_exit                                0x08000345   Thumb Code     0  rtexit.o(.ARM.Collect$$rtexit$$00000000)
    __rt_exit_ls                             0x08000347   Thumb Code     0  rtexit2.o(.ARM.Collect$$rtexit$$00000003)
    __rt_exit_prels_1                        0x08000347   Thumb Code     0  rtexit2.o(.ARM.Collect$$rtexit$$00000002)
    __rt_exit_exit                           0x0800034b   Thumb Code     0  rtexit2.o(.ARM.Collect$$rtexit$$00000004)
    SVC_Handler                              0x08000351   Thumb Code    28  port.o(.emb_text)
    __asm___6_port_c_39a90d8d__prvStartFirstTask 0x08000371   Thumb Code    36  port.o(.emb_text)
    __asm___6_port_c_39a90d8d__prvEnableVFP  0x08000399   Thumb Code    16  port.o(.emb_text)
    PendSV_Handler                           0x080003ad   Thumb Code    88  port.o(.emb_text)
    vPortGetIPSR                             0x08000409   Thumb Code     6  port.o(.emb_text)
    Reset_Handler                            0x08000411   Thumb Code    12  startup_stm32h743xx.o(.text)
    ADC3_IRQHandler                          0x0800042f   Thumb Code     0  startup_stm32h743xx.o(.text)
    ADC_IRQHandler                           0x0800042f   Thumb Code     0  startup_stm32h743xx.o(.text)
    BDMA_Channel0_IRQHandler                 0x0800042f   Thumb Code     0  startup_stm32h743xx.o(.text)
    BDMA_Channel1_IRQHandler                 0x0800042f   Thumb Code     0  startup_stm32h743xx.o(.text)
    BDMA_Channel2_IRQHandler                 0x0800042f   Thumb Code     0  startup_stm32h743xx.o(.text)
    BDMA_Channel3_IRQHandler                 0x0800042f   Thumb Code     0  startup_stm32h743xx.o(.text)
    BDMA_Channel4_IRQHandler                 0x0800042f   Thumb Code     0  startup_stm32h743xx.o(.text)
    BDMA_Channel5_IRQHandler                 0x0800042f   Thumb Code     0  startup_stm32h743xx.o(.text)
    BDMA_Channel6_IRQHandler                 0x0800042f   Thumb Code     0  startup_stm32h743xx.o(.text)
    BDMA_Channel7_IRQHandler                 0x0800042f   Thumb Code     0  startup_stm32h743xx.o(.text)
    CEC_IRQHandler                           0x0800042f   Thumb Code     0  startup_stm32h743xx.o(.text)
    COMP1_IRQHandler                         0x0800042f   Thumb Code     0  startup_stm32h743xx.o(.text)
    CRS_IRQHandler                           0x0800042f   Thumb Code     0  startup_stm32h743xx.o(.text)
    DCMI_IRQHandler                          0x0800042f   Thumb Code     0  startup_stm32h743xx.o(.text)
    DFSDM1_FLT0_IRQHandler                   0x0800042f   Thumb Code     0  startup_stm32h743xx.o(.text)
    DFSDM1_FLT1_IRQHandler                   0x0800042f   Thumb Code     0  startup_stm32h743xx.o(.text)
    DFSDM1_FLT2_IRQHandler                   0x0800042f   Thumb Code     0  startup_stm32h743xx.o(.text)
    DFSDM1_FLT3_IRQHandler                   0x0800042f   Thumb Code     0  startup_stm32h743xx.o(.text)
    DMA1_Stream0_IRQHandler                  0x0800042f   Thumb Code     0  startup_stm32h743xx.o(.text)
    DMA1_Stream1_IRQHandler                  0x0800042f   Thumb Code     0  startup_stm32h743xx.o(.text)
    DMA1_Stream2_IRQHandler                  0x0800042f   Thumb Code     0  startup_stm32h743xx.o(.text)
    DMA1_Stream3_IRQHandler                  0x0800042f   Thumb Code     0  startup_stm32h743xx.o(.text)
    DMA1_Stream4_IRQHandler                  0x0800042f   Thumb Code     0  startup_stm32h743xx.o(.text)
    DMA1_Stream5_IRQHandler                  0x0800042f   Thumb Code     0  startup_stm32h743xx.o(.text)
    DMA1_Stream6_IRQHandler                  0x0800042f   Thumb Code     0  startup_stm32h743xx.o(.text)
    DMA1_Stream7_IRQHandler                  0x0800042f   Thumb Code     0  startup_stm32h743xx.o(.text)
    DMA2D_IRQHandler                         0x0800042f   Thumb Code     0  startup_stm32h743xx.o(.text)
    DMA2_Stream0_IRQHandler                  0x0800042f   Thumb Code     0  startup_stm32h743xx.o(.text)
    DMA2_Stream1_IRQHandler                  0x0800042f   Thumb Code     0  startup_stm32h743xx.o(.text)
    DMA2_Stream2_IRQHandler                  0x0800042f   Thumb Code     0  startup_stm32h743xx.o(.text)
    DMA2_Stream3_IRQHandler                  0x0800042f   Thumb Code     0  startup_stm32h743xx.o(.text)
    DMA2_Stream4_IRQHandler                  0x0800042f   Thumb Code     0  startup_stm32h743xx.o(.text)
    DMA2_Stream5_IRQHandler                  0x0800042f   Thumb Code     0  startup_stm32h743xx.o(.text)
    DMA2_Stream6_IRQHandler                  0x0800042f   Thumb Code     0  startup_stm32h743xx.o(.text)
    DMA2_Stream7_IRQHandler                  0x0800042f   Thumb Code     0  startup_stm32h743xx.o(.text)
    DMAMUX1_OVR_IRQHandler                   0x0800042f   Thumb Code     0  startup_stm32h743xx.o(.text)
    DMAMUX2_OVR_IRQHandler                   0x0800042f   Thumb Code     0  startup_stm32h743xx.o(.text)
    ECC_IRQHandler                           0x0800042f   Thumb Code     0  startup_stm32h743xx.o(.text)
    ETH_IRQHandler                           0x0800042f   Thumb Code     0  startup_stm32h743xx.o(.text)
    ETH_WKUP_IRQHandler                      0x0800042f   Thumb Code     0  startup_stm32h743xx.o(.text)
    EXTI0_IRQHandler                         0x0800042f   Thumb Code     0  startup_stm32h743xx.o(.text)
    EXTI15_10_IRQHandler                     0x0800042f   Thumb Code     0  startup_stm32h743xx.o(.text)
    EXTI1_IRQHandler                         0x0800042f   Thumb Code     0  startup_stm32h743xx.o(.text)
    EXTI2_IRQHandler                         0x0800042f   Thumb Code     0  startup_stm32h743xx.o(.text)
    EXTI3_IRQHandler                         0x0800042f   Thumb Code     0  startup_stm32h743xx.o(.text)
    EXTI4_IRQHandler                         0x0800042f   Thumb Code     0  startup_stm32h743xx.o(.text)
    EXTI9_5_IRQHandler                       0x0800042f   Thumb Code     0  startup_stm32h743xx.o(.text)
    FDCAN1_IT0_IRQHandler                    0x0800042f   Thumb Code     0  startup_stm32h743xx.o(.text)
    FDCAN1_IT1_IRQHandler                    0x0800042f   Thumb Code     0  startup_stm32h743xx.o(.text)
    FDCAN2_IT0_IRQHandler                    0x0800042f   Thumb Code     0  startup_stm32h743xx.o(.text)
    FDCAN2_IT1_IRQHandler                    0x0800042f   Thumb Code     0  startup_stm32h743xx.o(.text)
    FDCAN_CAL_IRQHandler                     0x0800042f   Thumb Code     0  startup_stm32h743xx.o(.text)
    FLASH_IRQHandler                         0x0800042f   Thumb Code     0  startup_stm32h743xx.o(.text)
    FMC_IRQHandler                           0x0800042f   Thumb Code     0  startup_stm32h743xx.o(.text)
    FPU_IRQHandler                           0x0800042f   Thumb Code     0  startup_stm32h743xx.o(.text)
    HRTIM1_FLT_IRQHandler                    0x0800042f   Thumb Code     0  startup_stm32h743xx.o(.text)
    HRTIM1_Master_IRQHandler                 0x0800042f   Thumb Code     0  startup_stm32h743xx.o(.text)
    HRTIM1_TIMA_IRQHandler                   0x0800042f   Thumb Code     0  startup_stm32h743xx.o(.text)
    HRTIM1_TIMB_IRQHandler                   0x0800042f   Thumb Code     0  startup_stm32h743xx.o(.text)
    HRTIM1_TIMC_IRQHandler                   0x0800042f   Thumb Code     0  startup_stm32h743xx.o(.text)
    HRTIM1_TIMD_IRQHandler                   0x0800042f   Thumb Code     0  startup_stm32h743xx.o(.text)
    HRTIM1_TIME_IRQHandler                   0x0800042f   Thumb Code     0  startup_stm32h743xx.o(.text)
    HSEM1_IRQHandler                         0x0800042f   Thumb Code     0  startup_stm32h743xx.o(.text)
    I2C1_ER_IRQHandler                       0x0800042f   Thumb Code     0  startup_stm32h743xx.o(.text)
    I2C1_EV_IRQHandler                       0x0800042f   Thumb Code     0  startup_stm32h743xx.o(.text)
    I2C2_ER_IRQHandler                       0x0800042f   Thumb Code     0  startup_stm32h743xx.o(.text)
    I2C2_EV_IRQHandler                       0x0800042f   Thumb Code     0  startup_stm32h743xx.o(.text)
    I2C3_ER_IRQHandler                       0x0800042f   Thumb Code     0  startup_stm32h743xx.o(.text)
    I2C3_EV_IRQHandler                       0x0800042f   Thumb Code     0  startup_stm32h743xx.o(.text)
    I2C4_ER_IRQHandler                       0x0800042f   Thumb Code     0  startup_stm32h743xx.o(.text)
    I2C4_EV_IRQHandler                       0x0800042f   Thumb Code     0  startup_stm32h743xx.o(.text)
    JPEG_IRQHandler                          0x0800042f   Thumb Code     0  startup_stm32h743xx.o(.text)
    LPTIM1_IRQHandler                        0x0800042f   Thumb Code     0  startup_stm32h743xx.o(.text)
    LPTIM2_IRQHandler                        0x0800042f   Thumb Code     0  startup_stm32h743xx.o(.text)
    LPTIM3_IRQHandler                        0x0800042f   Thumb Code     0  startup_stm32h743xx.o(.text)
    LPTIM4_IRQHandler                        0x0800042f   Thumb Code     0  startup_stm32h743xx.o(.text)
    LPTIM5_IRQHandler                        0x0800042f   Thumb Code     0  startup_stm32h743xx.o(.text)
    LPUART1_IRQHandler                       0x0800042f   Thumb Code     0  startup_stm32h743xx.o(.text)
    LTDC_ER_IRQHandler                       0x0800042f   Thumb Code     0  startup_stm32h743xx.o(.text)
    LTDC_IRQHandler                          0x0800042f   Thumb Code     0  startup_stm32h743xx.o(.text)
    MDIOS_IRQHandler                         0x0800042f   Thumb Code     0  startup_stm32h743xx.o(.text)
    MDIOS_WKUP_IRQHandler                    0x0800042f   Thumb Code     0  startup_stm32h743xx.o(.text)
    MDMA_IRQHandler                          0x0800042f   Thumb Code     0  startup_stm32h743xx.o(.text)
    OTG_FS_EP1_IN_IRQHandler                 0x0800042f   Thumb Code     0  startup_stm32h743xx.o(.text)
    OTG_FS_EP1_OUT_IRQHandler                0x0800042f   Thumb Code     0  startup_stm32h743xx.o(.text)
    OTG_FS_IRQHandler                        0x0800042f   Thumb Code     0  startup_stm32h743xx.o(.text)
    OTG_FS_WKUP_IRQHandler                   0x0800042f   Thumb Code     0  startup_stm32h743xx.o(.text)
    OTG_HS_EP1_IN_IRQHandler                 0x0800042f   Thumb Code     0  startup_stm32h743xx.o(.text)
    OTG_HS_EP1_OUT_IRQHandler                0x0800042f   Thumb Code     0  startup_stm32h743xx.o(.text)
    OTG_HS_IRQHandler                        0x0800042f   Thumb Code     0  startup_stm32h743xx.o(.text)
    OTG_HS_WKUP_IRQHandler                   0x0800042f   Thumb Code     0  startup_stm32h743xx.o(.text)
    PVD_AVD_IRQHandler                       0x0800042f   Thumb Code     0  startup_stm32h743xx.o(.text)
    QUADSPI_IRQHandler                       0x0800042f   Thumb Code     0  startup_stm32h743xx.o(.text)
    RCC_IRQHandler                           0x0800042f   Thumb Code     0  startup_stm32h743xx.o(.text)
    RNG_IRQHandler                           0x0800042f   Thumb Code     0  startup_stm32h743xx.o(.text)
    RTC_Alarm_IRQHandler                     0x0800042f   Thumb Code     0  startup_stm32h743xx.o(.text)
    RTC_WKUP_IRQHandler                      0x0800042f   Thumb Code     0  startup_stm32h743xx.o(.text)
    SAI1_IRQHandler                          0x0800042f   Thumb Code     0  startup_stm32h743xx.o(.text)
    SAI2_IRQHandler                          0x0800042f   Thumb Code     0  startup_stm32h743xx.o(.text)
    SAI3_IRQHandler                          0x0800042f   Thumb Code     0  startup_stm32h743xx.o(.text)
    SAI4_IRQHandler                          0x0800042f   Thumb Code     0  startup_stm32h743xx.o(.text)
    SDMMC1_IRQHandler                        0x0800042f   Thumb Code     0  startup_stm32h743xx.o(.text)
    SDMMC2_IRQHandler                        0x0800042f   Thumb Code     0  startup_stm32h743xx.o(.text)
    SPDIF_RX_IRQHandler                      0x0800042f   Thumb Code     0  startup_stm32h743xx.o(.text)
    SPI1_IRQHandler                          0x0800042f   Thumb Code     0  startup_stm32h743xx.o(.text)
    SPI2_IRQHandler                          0x0800042f   Thumb Code     0  startup_stm32h743xx.o(.text)
    SPI3_IRQHandler                          0x0800042f   Thumb Code     0  startup_stm32h743xx.o(.text)
    SPI4_IRQHandler                          0x0800042f   Thumb Code     0  startup_stm32h743xx.o(.text)
    SPI5_IRQHandler                          0x0800042f   Thumb Code     0  startup_stm32h743xx.o(.text)
    SPI6_IRQHandler                          0x0800042f   Thumb Code     0  startup_stm32h743xx.o(.text)
    SWPMI1_IRQHandler                        0x0800042f   Thumb Code     0  startup_stm32h743xx.o(.text)
    TAMP_STAMP_IRQHandler                    0x0800042f   Thumb Code     0  startup_stm32h743xx.o(.text)
    TIM15_IRQHandler                         0x0800042f   Thumb Code     0  startup_stm32h743xx.o(.text)
    TIM16_IRQHandler                         0x0800042f   Thumb Code     0  startup_stm32h743xx.o(.text)
    TIM17_IRQHandler                         0x0800042f   Thumb Code     0  startup_stm32h743xx.o(.text)
    TIM1_BRK_IRQHandler                      0x0800042f   Thumb Code     0  startup_stm32h743xx.o(.text)
    TIM1_CC_IRQHandler                       0x0800042f   Thumb Code     0  startup_stm32h743xx.o(.text)
    TIM1_TRG_COM_IRQHandler                  0x0800042f   Thumb Code     0  startup_stm32h743xx.o(.text)
    TIM3_IRQHandler                          0x0800042f   Thumb Code     0  startup_stm32h743xx.o(.text)
    TIM4_IRQHandler                          0x0800042f   Thumb Code     0  startup_stm32h743xx.o(.text)
    TIM5_IRQHandler                          0x0800042f   Thumb Code     0  startup_stm32h743xx.o(.text)
    TIM6_DAC_IRQHandler                      0x0800042f   Thumb Code     0  startup_stm32h743xx.o(.text)
    TIM7_IRQHandler                          0x0800042f   Thumb Code     0  startup_stm32h743xx.o(.text)
    TIM8_BRK_TIM12_IRQHandler                0x0800042f   Thumb Code     0  startup_stm32h743xx.o(.text)
    TIM8_CC_IRQHandler                       0x0800042f   Thumb Code     0  startup_stm32h743xx.o(.text)
    TIM8_TRG_COM_TIM14_IRQHandler            0x0800042f   Thumb Code     0  startup_stm32h743xx.o(.text)
    TIM8_UP_TIM13_IRQHandler                 0x0800042f   Thumb Code     0  startup_stm32h743xx.o(.text)
    UART4_IRQHandler                         0x0800042f   Thumb Code     0  startup_stm32h743xx.o(.text)
    UART5_IRQHandler                         0x0800042f   Thumb Code     0  startup_stm32h743xx.o(.text)
    UART7_IRQHandler                         0x0800042f   Thumb Code     0  startup_stm32h743xx.o(.text)
    UART8_IRQHandler                         0x0800042f   Thumb Code     0  startup_stm32h743xx.o(.text)
    USART2_IRQHandler                        0x0800042f   Thumb Code     0  startup_stm32h743xx.o(.text)
    USART3_IRQHandler                        0x0800042f   Thumb Code     0  startup_stm32h743xx.o(.text)
    USART6_IRQHandler                        0x0800042f   Thumb Code     0  startup_stm32h743xx.o(.text)
    WAKEUP_PIN_IRQHandler                    0x0800042f   Thumb Code     0  startup_stm32h743xx.o(.text)
    WWDG_IRQHandler                          0x0800042f   Thumb Code     0  startup_stm32h743xx.o(.text)
    __user_initial_stackheap                 0x08000431   Thumb Code     0  startup_stm32h743xx.o(.text)
    __aeabi_uldivmod                         0x08000459   Thumb Code     0  lludivv7m.o(.text)
    _ll_udiv                                 0x08000459   Thumb Code   238  lludivv7m.o(.text)
    __2sprintf                               0x08000549   Thumb Code    38  __2sprintf.o(.text)
    __printf                                 0x08000575   Thumb Code   270  __printf_wp.o(.text)
    __aeabi_memcpy                           0x08000683   Thumb Code     0  rt_memcpy_v6.o(.text)
    __rt_memcpy                              0x08000683   Thumb Code   138  rt_memcpy_v6.o(.text)
    _memcpy_lastbytes                        0x080006e9   Thumb Code     0  rt_memcpy_v6.o(.text)
    __aeabi_memset                           0x0800070d   Thumb Code    16  aeabi_memset.o(.text)
    __aeabi_memclr4                          0x0800071d   Thumb Code     0  rt_memclr_w.o(.text)
    __aeabi_memclr8                          0x0800071d   Thumb Code     0  rt_memclr_w.o(.text)
    __rt_memclr_w                            0x0800071d   Thumb Code    78  rt_memclr_w.o(.text)
    _memset_w                                0x08000721   Thumb Code     0  rt_memclr_w.o(.text)
    __use_two_region_memory                  0x0800076b   Thumb Code     2  heapauxi.o(.text)
    __rt_heap_escrow$2region                 0x0800076d   Thumb Code     2  heapauxi.o(.text)
    __rt_heap_expand$2region                 0x0800076f   Thumb Code     2  heapauxi.o(.text)
    __read_errno                             0x08000771   Thumb Code    10  _rserrno.o(.text)
    __set_errno                              0x0800077b   Thumb Code    12  _rserrno.o(.text)
    __lib_sel_fp_printf                      0x08000787   Thumb Code     2  _printf_fp_dec.o(.text)
    _printf_fp_dec_real                      0x08000939   Thumb Code   620  _printf_fp_dec.o(.text)
    _printf_char_common                      0x08000baf   Thumb Code    32  _printf_char_common.o(.text)
    _sputc                                   0x08000bd5   Thumb Code    10  _sputc.o(.text)
    __aeabi_memcpy4                          0x08000bdf   Thumb Code     0  rt_memcpy_w.o(.text)
    __aeabi_memcpy8                          0x08000bdf   Thumb Code     0  rt_memcpy_w.o(.text)
    __rt_memcpy_w                            0x08000bdf   Thumb Code   100  rt_memcpy_w.o(.text)
    _memcpy_lastbytes_aligned                0x08000c27   Thumb Code     0  rt_memcpy_w.o(.text)
    __aeabi_memclr                           0x08000c43   Thumb Code     0  rt_memclr.o(.text)
    __rt_memclr                              0x08000c43   Thumb Code    68  rt_memclr.o(.text)
    _memset                                  0x08000c47   Thumb Code     0  rt_memclr.o(.text)
    __rt_locale                              0x08000c89   Thumb Code     8  rt_locale_intlibspace.o(.text)
    __aeabi_errno_addr                       0x08000c91   Thumb Code     8  rt_errno_addr_intlibspace.o(.text)
    __errno$intlibspace                      0x08000c91   Thumb Code     0  rt_errno_addr_intlibspace.o(.text)
    __rt_errno_addr$intlibspace              0x08000c91   Thumb Code     0  rt_errno_addr_intlibspace.o(.text)
    _ll_udiv10                               0x08000c99   Thumb Code   138  lludiv10.o(.text)
    _printf_fp_infnan                        0x08000d25   Thumb Code   112  _printf_fp_infnan.o(.text)
    _btod_etento                             0x08000da5   Thumb Code   224  bigflt0.o(.text)
    __user_libspace                          0x08000e89   Thumb Code     8  libspace.o(.text)
    __user_perproc_libspace                  0x08000e89   Thumb Code     0  libspace.o(.text)
    __user_perthread_libspace                0x08000e89   Thumb Code     0  libspace.o(.text)
    __user_setup_stackheap                   0x08000e91   Thumb Code    74  sys_stackheap_outer.o(.text)
    exit                                     0x08000edb   Thumb Code    18  exit.o(.text)
    strcmp                                   0x08000eed   Thumb Code   104  strcmpv7m_pel.o(.text)
    _sys_exit                                0x08000f55   Thumb Code     8  sys_exit.o(.text)
    __I$use$semihosting                      0x08000f61   Thumb Code     0  use_no_semi.o(.text)
    __use_no_semihosting_swi                 0x08000f61   Thumb Code     2  use_no_semi.o(.text)
    __semihosting_library_function           0x08000f63   Thumb Code     0  indicate_semi.o(.text)
    _btod_d2e                                0x08000f63   Thumb Code    62  btod.o(CL$$btod_d2e)
    _d2e_denorm_low                          0x08000fa1   Thumb Code    70  btod.o(CL$$btod_d2e_denorm_low)
    _d2e_norm_op1                            0x08000fe7   Thumb Code    96  btod.o(CL$$btod_d2e_norm_op1)
    __btod_div_common                        0x08001047   Thumb Code   696  btod.o(CL$$btod_div_common)
    _e2e                                     0x0800137f   Thumb Code   220  btod.o(CL$$btod_e2e)
    _btod_ediv                               0x0800145b   Thumb Code    42  btod.o(CL$$btod_ediv)
    _btod_emul                               0x08001485   Thumb Code    42  btod.o(CL$$btod_emul)
    __btod_mult_common                       0x080014af   Thumb Code   580  btod.o(CL$$btod_mult_common)
    BusFault_Handler                         0x080016f3   Thumb Code     4  stm32h7xx_it.o(i.BusFault_Handler)
    DebugMon_Handler                         0x080016f7   Thumb Code     2  stm32h7xx_it.o(i.DebugMon_Handler)
    Error_Handler                            0x080016f9   Thumb Code     6  main.o(i.Error_Handler)
    ExitRun0Mode                             0x08001701   Thumb Code    30  system_stm32h7xx.o(i.ExitRun0Mode)
    Gyro_Bias_Calibrate                      0x08001725   Thumb Code   150  mahony.o(i.Gyro_Bias_Calibrate)
    HAL_DMA_Abort                            0x080017c5   Thumb Code  1236  stm32h7xx_hal_dma.o(i.HAL_DMA_Abort)
    HAL_DMA_Abort_IT                         0x08001ca1   Thumb Code   906  stm32h7xx_hal_dma.o(i.HAL_DMA_Abort_IT)
    HAL_Delay                                0x08002039   Thumb Code    36  stm32h7xx_hal.o(i.HAL_Delay)
    HAL_GPIO_Init                            0x08002061   Thumb Code   456  stm32h7xx_hal_gpio.o(i.HAL_GPIO_Init)
    HAL_GPIO_WritePin                        0x0800225d   Thumb Code    12  stm32h7xx_hal_gpio.o(i.HAL_GPIO_WritePin)
    HAL_GetREVID                             0x08002269   Thumb Code     8  stm32h7xx_hal.o(i.HAL_GetREVID)
    HAL_GetTick                              0x08002275   Thumb Code     6  stm32h7xx_hal.o(i.HAL_GetTick)
    HAL_IncTick                              0x08002281   Thumb Code    16  stm32h7xx_hal.o(i.HAL_IncTick)
    HAL_Init                                 0x08002299   Thumb Code    80  stm32h7xx_hal.o(i.HAL_Init)
    HAL_InitTick                             0x080022f9   Thumb Code   128  stm32h7xx_hal_timebase_tim.o(i.HAL_InitTick)
    HAL_MPU_ConfigRegion                     0x0800238d   Thumb Code    86  stm32h7xx_hal_cortex.o(i.HAL_MPU_ConfigRegion)
    HAL_MPU_Disable                          0x080023e9   Thumb Code    38  stm32h7xx_hal_cortex.o(i.HAL_MPU_Disable)
    HAL_MPU_Enable                           0x08002415   Thumb Code    58  stm32h7xx_hal_cortex.o(i.HAL_MPU_Enable)
    HAL_MspInit                              0x08002455   Thumb Code    42  stm32h7xx_hal_msp.o(i.HAL_MspInit)
    HAL_NVIC_EnableIRQ                       0x08002485   Thumb Code    40  stm32h7xx_hal_cortex.o(i.HAL_NVIC_EnableIRQ)
    HAL_NVIC_SetPriority                     0x080024ad   Thumb Code   122  stm32h7xx_hal_cortex.o(i.HAL_NVIC_SetPriority)
    HAL_NVIC_SetPriorityGrouping             0x08002529   Thumb Code    32  stm32h7xx_hal_cortex.o(i.HAL_NVIC_SetPriorityGrouping)
    HAL_PWREx_ConfigSupply                   0x08002551   Thumb Code    90  stm32h7xx_hal_pwr_ex.o(i.HAL_PWREx_ConfigSupply)
    HAL_RCCEx_GetD3PCLK1Freq                 0x080025b1   Thumb Code    26  stm32h7xx_hal_rcc_ex.o(i.HAL_RCCEx_GetD3PCLK1Freq)
    HAL_RCCEx_GetPLL2ClockFreq               0x080025d5   Thumb Code   536  stm32h7xx_hal_rcc_ex.o(i.HAL_RCCEx_GetPLL2ClockFreq)
    HAL_RCCEx_GetPLL3ClockFreq               0x08002805   Thumb Code   536  stm32h7xx_hal_rcc_ex.o(i.HAL_RCCEx_GetPLL3ClockFreq)
    HAL_RCCEx_PeriphCLKConfig                0x08002a35   Thumb Code  3432  stm32h7xx_hal_rcc_ex.o(i.HAL_RCCEx_PeriphCLKConfig)
    HAL_RCC_ClockConfig                      0x0800379d   Thumb Code   774  stm32h7xx_hal_rcc.o(i.HAL_RCC_ClockConfig)
    HAL_RCC_GetClockConfig                   0x08003abd   Thumb Code    98  stm32h7xx_hal_rcc.o(i.HAL_RCC_GetClockConfig)
    HAL_RCC_GetHCLKFreq                      0x08003b29   Thumb Code    60  stm32h7xx_hal_rcc.o(i.HAL_RCC_GetHCLKFreq)
    HAL_RCC_GetPCLK1Freq                     0x08003b75   Thumb Code    26  stm32h7xx_hal_rcc.o(i.HAL_RCC_GetPCLK1Freq)
    HAL_RCC_GetPCLK2Freq                     0x08003b99   Thumb Code    26  stm32h7xx_hal_rcc.o(i.HAL_RCC_GetPCLK2Freq)
    HAL_RCC_GetSysClockFreq                  0x08003bbd   Thumb Code   524  stm32h7xx_hal_rcc.o(i.HAL_RCC_GetSysClockFreq)
    HAL_RCC_OscConfig                        0x08003de9   Thumb Code  2130  stm32h7xx_hal_rcc.o(i.HAL_RCC_OscConfig)
    HAL_SPI_Init                             0x08004641   Thumb Code   420  stm32h7xx_hal_spi.o(i.HAL_SPI_Init)
    HAL_SPI_MspInit                          0x080047f1   Thumb Code   142  spi.o(i.HAL_SPI_MspInit)
    HAL_SPI_TransmitReceive                  0x0800488d   Thumb Code  1094  stm32h7xx_hal_spi.o(i.HAL_SPI_TransmitReceive)
    HAL_TIMEx_Break2Callback                 0x08004ce1   Thumb Code     2  stm32h7xx_hal_tim_ex.o(i.HAL_TIMEx_Break2Callback)
    HAL_TIMEx_BreakCallback                  0x08004ce3   Thumb Code     2  stm32h7xx_hal_tim_ex.o(i.HAL_TIMEx_BreakCallback)
    HAL_TIMEx_CommutCallback                 0x08004ce5   Thumb Code     2  stm32h7xx_hal_tim_ex.o(i.HAL_TIMEx_CommutCallback)
    HAL_TIMEx_MasterConfigSynchronization    0x08004ce9   Thumb Code   174  stm32h7xx_hal_tim_ex.o(i.HAL_TIMEx_MasterConfigSynchronization)
    HAL_TIM_Base_Init                        0x08004db5   Thumb Code   110  stm32h7xx_hal_tim.o(i.HAL_TIM_Base_Init)
    HAL_TIM_Base_MspInit                     0x08004e25   Thumb Code    58  tim.o(i.HAL_TIM_Base_MspInit)
    HAL_TIM_Base_Start_IT                    0x08004e65   Thumb Code   146  stm32h7xx_hal_tim.o(i.HAL_TIM_Base_Start_IT)
    HAL_TIM_ConfigClockSource                0x08004f19   Thumb Code   304  stm32h7xx_hal_tim.o(i.HAL_TIM_ConfigClockSource)
    HAL_TIM_IC_CaptureCallback               0x0800504d   Thumb Code     2  stm32h7xx_hal_tim.o(i.HAL_TIM_IC_CaptureCallback)
    HAL_TIM_IRQHandler                       0x0800504f   Thumb Code   408  stm32h7xx_hal_tim.o(i.HAL_TIM_IRQHandler)
    HAL_TIM_OC_DelayElapsedCallback          0x080051e7   Thumb Code     2  stm32h7xx_hal_tim.o(i.HAL_TIM_OC_DelayElapsedCallback)
    HAL_TIM_PWM_PulseFinishedCallback        0x080051e9   Thumb Code     2  stm32h7xx_hal_tim.o(i.HAL_TIM_PWM_PulseFinishedCallback)
    HAL_TIM_PeriodElapsedCallback            0x080051ed   Thumb Code    30  main.o(i.HAL_TIM_PeriodElapsedCallback)
    HAL_TIM_TriggerCallback                  0x08005211   Thumb Code     2  stm32h7xx_hal_tim.o(i.HAL_TIM_TriggerCallback)
    HAL_UARTEx_DisableFifoMode               0x08005213   Thumb Code    78  stm32h7xx_hal_uart_ex.o(i.HAL_UARTEx_DisableFifoMode)
    HAL_UARTEx_RxEventCallback               0x08005261   Thumb Code     2  stm32h7xx_hal_uart.o(i.HAL_UARTEx_RxEventCallback)
    HAL_UARTEx_RxFifoFullCallback            0x08005263   Thumb Code     2  stm32h7xx_hal_uart_ex.o(i.HAL_UARTEx_RxFifoFullCallback)
    HAL_UARTEx_SetRxFifoThreshold            0x08005265   Thumb Code    94  stm32h7xx_hal_uart_ex.o(i.HAL_UARTEx_SetRxFifoThreshold)
    HAL_UARTEx_SetTxFifoThreshold            0x080052c3   Thumb Code    94  stm32h7xx_hal_uart_ex.o(i.HAL_UARTEx_SetTxFifoThreshold)
    HAL_UARTEx_TxFifoEmptyCallback           0x08005321   Thumb Code     2  stm32h7xx_hal_uart_ex.o(i.HAL_UARTEx_TxFifoEmptyCallback)
    HAL_UARTEx_WakeupCallback                0x08005323   Thumb Code     2  stm32h7xx_hal_uart_ex.o(i.HAL_UARTEx_WakeupCallback)
    HAL_UART_ErrorCallback                   0x08005325   Thumb Code     2  stm32h7xx_hal_uart.o(i.HAL_UART_ErrorCallback)
    HAL_UART_IRQHandler                      0x08005329   Thumb Code  1206  stm32h7xx_hal_uart.o(i.HAL_UART_IRQHandler)
    HAL_UART_Init                            0x080057df   Thumb Code   120  stm32h7xx_hal_uart.o(i.HAL_UART_Init)
    HAL_UART_MspInit                         0x08005859   Thumb Code   160  usart.o(i.HAL_UART_MspInit)
    HAL_UART_Transmit                        0x08005905   Thumb Code   194  stm32h7xx_hal_uart.o(i.HAL_UART_Transmit)
    HAL_UART_TxCpltCallback                  0x080059c7   Thumb Code     2  stm32h7xx_hal_uart.o(i.HAL_UART_TxCpltCallback)
    HardFault_Handler                        0x080059c9   Thumb Code     4  stm32h7xx_it.o(i.HardFault_Handler)
    ICM42688_Init                            0x080059cd   Thumb Code   174  icm42688.o(i.ICM42688_Init)
    ICM42688_ReadReg                         0x08005a85   Thumb Code    44  icm42688.o(i.ICM42688_ReadReg)
    ICM42688_ReadRegs                        0x08005ab5   Thumb Code    62  icm42688.o(i.ICM42688_ReadRegs)
    ICM42688_Read_6Axis_Temp                 0x08005af9   Thumb Code   262  icm42688.o(i.ICM42688_Read_6Axis_Temp)
    ICM42688_WriteReg                        0x08005c0d   Thumb Code    42  icm42688.o(i.ICM42688_WriteReg)
    IMU_Data_Init                            0x08005c3d   Thumb Code   176  mahony.o(i.IMU_Data_Init)
    MX_FREERTOS_Init                         0x08005d49   Thumb Code    18  freertos.o(i.MX_FREERTOS_Init)
    MX_GPIO_Init                             0x08005d69   Thumb Code   156  gpio.o(i.MX_GPIO_Init)
    MX_SPI1_Init                             0x08005e0d   Thumb Code    92  spi.o(i.MX_SPI1_Init)
    MX_TIM2_Init                             0x08005e71   Thumb Code   106  tim.o(i.MX_TIM2_Init)
    MX_USART1_UART_Init                      0x08005ee1   Thumb Code    98  usart.o(i.MX_USART1_UART_Init)
    Mahony_Set_Gyro_Bias                     0x08005f4d   Thumb Code    34  mahony.o(i.Mahony_Set_Gyro_Bias)
    Mahony_Set_Temp_Ref                      0x08005f6f   Thumb Code    38  mahony.o(i.Mahony_Set_Temp_Ref)
    Mahony_Update_IMU_Dt                     0x08005f95   Thumb Code  1906  mahony.o(i.Mahony_Update_IMU_Dt)
    MemManage_Handler                        0x08006715   Thumb Code     4  stm32h7xx_it.o(i.MemManage_Handler)
    NMI_Handler                              0x08006719   Thumb Code     4  stm32h7xx_it.o(i.NMI_Handler)
    StartDefaultTask                         0x08006b37   Thumb Code    10  freertos.o(i.StartDefaultTask)
    SysTick_Handler                          0x08006b41   Thumb Code    22  cmsis_os2.o(i.SysTick_Handler)
    SystemClock_Config                       0x08006b59   Thumb Code   200  main.o(i.SystemClock_Config)
    SystemInit                               0x08006c29   Thumb Code   256  system_stm32h7xx.o(i.SystemInit)
    TIM1_UP_IRQHandler                       0x08006d51   Thumb Code    10  stm32h7xx_it.o(i.TIM1_UP_IRQHandler)
    TIM2_IRQHandler                          0x08006d61   Thumb Code    10  stm32h7xx_it.o(i.TIM2_IRQHandler)
    TIM_Base_SetConfig                       0x08006d71   Thumb Code   178  stm32h7xx_hal_tim.o(i.TIM_Base_SetConfig)
    TIM_ETR_SetConfig                        0x08006e45   Thumb Code    22  stm32h7xx_hal_tim.o(i.TIM_ETR_SetConfig)
    Task_UartTx                              0x08006ec5   Thumb Code    82  main.o(i.Task_UartTx)
    UART_AdvFeatureConfig                    0x08006f89   Thumb Code   248  stm32h7xx_hal_uart.o(i.UART_AdvFeatureConfig)
    UART_CheckIdleState                      0x08007081   Thumb Code   234  stm32h7xx_hal_uart.o(i.UART_CheckIdleState)
    UART_SetConfig                           0x0800721d   Thumb Code  1402  stm32h7xx_hal_uart.o(i.UART_SetConfig)
    UART_WaitOnFlagUntilTimeout              0x080077a9   Thumb Code   172  stm32h7xx_hal_uart.o(i.UART_WaitOnFlagUntilTimeout)
    USART1_IRQHandler                        0x08007855   Thumb Code    10  stm32h7xx_it.o(i.USART1_IRQHandler)
    USE_TIM_Get_Data                         0x08007865   Thumb Code   102  mahony.o(i.USE_TIM_Get_Data)
    UsageFault_Handler                       0x080078dd   Thumb Code     4  stm32h7xx_it.o(i.UsageFault_Handler)
    __ARM_fpclassify                         0x080078e1   Thumb Code    48  fpclassify.o(i.__ARM_fpclassify)
    __ARM_fpclassifyf                        0x08007911   Thumb Code    38  fpclassifyf.o(i.__ARM_fpclassifyf)
    __hardfp_asinf                           0x08007979   Thumb Code   258  asinf.o(i.__hardfp_asinf)
    __hardfp_atan2f                          0x08007ab1   Thumb Code   502  atan2f.o(i.__hardfp_atan2f)
    __hardfp_sqrtf                           0x08007d09   Thumb Code    58  sqrtf.o(i.__hardfp_sqrtf)
    __mathlib_flt_infnan                     0x08007d43   Thumb Code     6  funder.o(i.__mathlib_flt_infnan)
    __mathlib_flt_infnan2                    0x08007d49   Thumb Code     6  funder.o(i.__mathlib_flt_infnan2)
    __mathlib_flt_invalid                    0x08007d51   Thumb Code    10  funder.o(i.__mathlib_flt_invalid)
    __mathlib_flt_underflow                  0x08007d61   Thumb Code    10  funder.o(i.__mathlib_flt_underflow)
    _is_digit                                0x08007d71   Thumb Code    14  __printf_wp.o(i._is_digit)
    configureTimerForRunTimeStats            0x08007da9   Thumb Code     2  freertos.o(i.configureTimerForRunTimeStats)
    getRunTimeCounterValue                   0x08007dab   Thumb Code     4  freertos.o(i.getRunTimeCounterValue)
    main                                     0x08007f51   Thumb Code    98  main.o(i.main)
    osDelay                                  0x08007fc9   Thumb Code    30  cmsis_os2.o(i.osDelay)
    osKernelInitialize                       0x08007fe9   Thumb Code    38  cmsis_os2.o(i.osKernelInitialize)
    osKernelStart                            0x08008015   Thumb Code    82  cmsis_os2.o(i.osKernelStart)
    osThreadNew                              0x08008075   Thumb Code   184  cmsis_os2.o(i.osThreadNew)
    pvPortMalloc                             0x08008b59   Thumb Code   306  heap_4.o(i.pvPortMalloc)
    pxPortInitialiseStack                    0x08008ca5   Thumb Code    38  port.o(i.pxPortInitialiseStack)
    sqrtf                                    0x08008cd1   Thumb Code    62  sqrtf.o(i.sqrtf)
    uxListRemove                             0x08008d0f   Thumb Code    40  list.o(i.uxListRemove)
    vApplicationGetIdleTaskMemory            0x08008d39   Thumb Code    14  cmsis_os2.o(i.vApplicationGetIdleTaskMemory)
    vApplicationGetTimerTaskMemory           0x08008d51   Thumb Code    16  cmsis_os2.o(i.vApplicationGetTimerTaskMemory)
    vListInitialise                          0x08008d69   Thumb Code    26  list.o(i.vListInitialise)
    vListInitialiseItem                      0x08008d83   Thumb Code     6  list.o(i.vListInitialiseItem)
    vListInsert                              0x08008d89   Thumb Code    52  list.o(i.vListInsert)
    vListInsertEnd                           0x08008dbd   Thumb Code    24  list.o(i.vListInsertEnd)
    vPortEnterCritical                       0x08008dd5   Thumb Code    76  port.o(i.vPortEnterCritical)
    vPortExitCritical                        0x08008e29   Thumb Code    56  port.o(i.vPortExitCritical)
    vPortFree                                0x08008e65   Thumb Code   150  heap_4.o(i.vPortFree)
    vPortSetupTimerInterrupt                 0x08008f09   Thumb Code    36  port.o(i.vPortSetupTimerInterrupt)
    vPortValidateInterruptPriority           0x08008f31   Thumb Code   106  port.o(i.vPortValidateInterruptPriority)
    vQueueAddToRegistry                      0x08008fa9   Thumb Code    38  queue.o(i.vQueueAddToRegistry)
    vQueueWaitForMessageRestricted           0x08008fd5   Thumb Code    74  queue.o(i.vQueueWaitForMessageRestricted)
    vTaskDelay                               0x08009021   Thumb Code    82  tasks.o(i.vTaskDelay)
    vTaskInternalSetTimeOutState             0x0800907d   Thumb Code    14  tasks.o(i.vTaskInternalSetTimeOutState)
    vTaskMissedYield                         0x08009095   Thumb Code     8  tasks.o(i.vTaskMissedYield)
    vTaskPlaceOnEventList                    0x080090a1   Thumb Code    52  tasks.o(i.vTaskPlaceOnEventList)
    vTaskPlaceOnEventListRestricted          0x080090d9   Thumb Code    60  tasks.o(i.vTaskPlaceOnEventListRestricted)
    vTaskStartScheduler                      0x08009119   Thumb Code   160  tasks.o(i.vTaskStartScheduler)
    vTaskSuspendAll                          0x080091d5   Thumb Code    12  tasks.o(i.vTaskSuspendAll)
    vTaskSwitchContext                       0x080091e5   Thumb Code   176  tasks.o(i.vTaskSwitchContext)
    xPortStartScheduler                      0x080092b1   Thumb Code   330  port.o(i.xPortStartScheduler)
    xPortSysTickHandler                      0x08009419   Thumb Code    46  port.o(i.xPortSysTickHandler)
    xQueueGenericCreateStatic                0x0800944d   Thumb Code   224  queue.o(i.xQueueGenericCreateStatic)
    xQueueGenericReset                       0x0800952d   Thumb Code   146  queue.o(i.xQueueGenericReset)
    xQueueGenericSend                        0x080095c5   Thumb Code   420  queue.o(i.xQueueGenericSend)
    xQueueGenericSendFromISR                 0x0800976d   Thumb Code   252  queue.o(i.xQueueGenericSendFromISR)
    xQueueReceive                            0x08009869   Thumb Code   356  queue.o(i.xQueueReceive)
    xTaskCheckForTimeOut                     0x080099d1   Thumb Code   132  tasks.o(i.xTaskCheckForTimeOut)
    xTaskCreate                              0x08009a5d   Thumb Code   100  tasks.o(i.xTaskCreate)
    xTaskCreateStatic                        0x08009ac1   Thumb Code   186  tasks.o(i.xTaskCreateStatic)
    xTaskGetSchedulerState                   0x08009b7d   Thumb Code    24  tasks.o(i.xTaskGetSchedulerState)
    xTaskGetTickCount                        0x08009b9d   Thumb Code     6  tasks.o(i.xTaskGetTickCount)
    xTaskIncrementTick                       0x08009ba9   Thumb Code   280  tasks.o(i.xTaskIncrementTick)
    xTaskPriorityDisinherit                  0x08009ced   Thumb Code   152  tasks.o(i.xTaskPriorityDisinherit)
    xTaskRemoveFromEventList                 0x08009d91   Thumb Code   126  tasks.o(i.xTaskRemoveFromEventList)
    xTaskResumeAll                           0x08009e29   Thumb Code   222  tasks.o(i.xTaskResumeAll)
    xTimerCreateTimerTask                    0x08009f2d   Thumb Code   100  timers.o(i.xTimerCreateTimerTask)
    xTimerGenericCommand                     0x08009fa5   Thumb Code   128  timers.o(i.xTimerGenericCommand)
    _get_lc_numeric                          0x0800a029   Thumb Code    44  lc_numeric_c.o(locale$$code)
    _fp_init                                 0x0800a055   Thumb Code    10  fpinit.o(x$fpl$fpinit)
    __fplib_config_fpu_vfp                   0x0800a05d   Thumb Code     0  fpinit.o(x$fpl$fpinit)
    __fplib_config_pureend_doubles           0x0800a05d   Thumb Code     0  fpinit.o(x$fpl$fpinit)
    _printf_fp_dec                           0x0800a05f   Thumb Code     4  printf1.o(x$fpl$printf1)
    __I$use$fp                               0x0800a062   Number         0  usenofp.o(x$fpl$usenofp)
    uart_attr                                0x0800a064   Data          36  main.o(.constdata)
    defaultTask_attributes                   0x0800a088   Data          36  freertos.o(.constdata)
    UARTPrescTable                           0x0800a0ac   Data          24  stm32h7xx_hal_uart.o(.constdata)
    D1CorePrescTable                         0x0800a0d4   Data          16  system_stm32h7xx.o(.constdata)
    Region$$Table$$Base                      0x0800a18c   Number         0  anon$$obj.o(Region$$Table)
    Region$$Table$$Limit                     0x0800a1ac   Number         0  anon$$obj.o(Region$$Table)
    defaultTaskHandle                        0x24000000   Data           4  freertos.o(.data)
    uwTick                                   0x24000004   Data           4  stm32h7xx_hal.o(.data)
    uwTickPrio                               0x24000008   Data           4  stm32h7xx_hal.o(.data)
    uwTickFreq                               0x2400000c   Data           1  stm32h7xx_hal.o(.data)
    SystemCoreClock                          0x24000010   Data           4  system_stm32h7xx.o(.data)
    SystemD2Clock                            0x24000014   Data           4  system_stm32h7xx.o(.data)
    pxCurrentTCB                             0x24000018   Data           4  tasks.o(.data)
    test                                     0x240000a0   Data           4  mahony.o(.data)
    hspi1                                    0x240000a4   Data         136  spi.o(.bss)
    htim2                                    0x2400012c   Data          76  tim.o(.bss)
    huart1                                   0x24000178   Data         148  usart.o(.bss)
    htim1                                    0x2400020c   Data          76  stm32h7xx_hal_timebase_tim.o(.bss)
    xQueueRegistry                           0x24000258   Data         160  queue.o(.bss)
    imu_data                                 0x2400bb9c   Data          28  mahony.o(.bss)
    IMU                                      0x2400bbb8   Data          88  mahony.o(.bss)
    __libspace_start                         0x2400bc10   Data          96  libspace.o(.bss)
    __temporary_stack_top$libspace           0x2400bc70   Data           0  libspace.o(.bss)



==============================================================================

Memory Map of the image

  Image Entry point : 0x08000299

  Load Region LR_IROM1 (Base: 0x08000000, Size: 0x0000a26c, Max: 0x00200000, ABSOLUTE)

    Execution Region ER_IROM1 (Exec base: 0x08000000, Load base: 0x08000000, Size: 0x0000a1c8, Max: 0x00200000, ABSOLUTE)

    Exec Addr    Load Addr    Size         Type   Attr      Idx    E Section Name        Object

    0x08000000   0x08000000   0x00000298   Data   RO            3    RESET               startup_stm32h743xx.o
    0x08000298   0x08000298   0x00000008   Code   RO         7098  * !!!main             c_w.l(__main.o)
    0x080002a0   0x080002a0   0x00000034   Code   RO         7387    !!!scatter          c_w.l(__scatter.o)
    0x080002d4   0x080002d4   0x0000001a   Code   RO         7389    !!handler_copy      c_w.l(__scatter_copy.o)
    0x080002ee   0x080002ee   0x00000002   PAD
    0x080002f0   0x080002f0   0x0000001c   Code   RO         7391    !!handler_zi        c_w.l(__scatter_zi.o)
    0x0800030c   0x0800030c   0x00000000   Code   RO         7083    .ARM.Collect$$_printf_percent$$00000000  c_w.l(_printf_percent.o)
    0x0800030c   0x0800030c   0x00000006   Code   RO         7082    .ARM.Collect$$_printf_percent$$00000003  c_w.l(_printf_f.o)
    0x08000312   0x08000312   0x00000004   Code   RO         7155    .ARM.Collect$$_printf_percent$$00000017  c_w.l(_printf_percent_end.o)
    0x08000316   0x08000316   0x00000002   Code   RO         7260    .ARM.Collect$$libinit$$00000000  c_w.l(libinit.o)
    0x08000318   0x08000318   0x00000004   Code   RO         7261    .ARM.Collect$$libinit$$00000001  c_w.l(libinit2.o)
    0x0800031c   0x0800031c   0x00000000   Code   RO         7264    .ARM.Collect$$libinit$$00000004  c_w.l(libinit2.o)
    0x0800031c   0x0800031c   0x00000000   Code   RO         7267    .ARM.Collect$$libinit$$0000000A  c_w.l(libinit2.o)
    0x0800031c   0x0800031c   0x00000000   Code   RO         7269    .ARM.Collect$$libinit$$0000000C  c_w.l(libinit2.o)
    0x0800031c   0x0800031c   0x00000000   Code   RO         7271    .ARM.Collect$$libinit$$0000000E  c_w.l(libinit2.o)
    0x0800031c   0x0800031c   0x00000006   Code   RO         7272    .ARM.Collect$$libinit$$0000000F  c_w.l(libinit2.o)
    0x08000322   0x08000322   0x00000000   Code   RO         7274    .ARM.Collect$$libinit$$00000011  c_w.l(libinit2.o)
    0x08000322   0x08000322   0x00000000   Code   RO         7276    .ARM.Collect$$libinit$$00000013  c_w.l(libinit2.o)
    0x08000322   0x08000322   0x00000000   Code   RO         7278    .ARM.Collect$$libinit$$00000015  c_w.l(libinit2.o)
    0x08000322   0x08000322   0x0000000a   Code   RO         7279    .ARM.Collect$$libinit$$00000016  c_w.l(libinit2.o)
    0x0800032c   0x0800032c   0x00000000   Code   RO         7280    .ARM.Collect$$libinit$$00000017  c_w.l(libinit2.o)
    0x0800032c   0x0800032c   0x00000000   Code   RO         7282    .ARM.Collect$$libinit$$00000019  c_w.l(libinit2.o)
    0x0800032c   0x0800032c   0x00000000   Code   RO         7284    .ARM.Collect$$libinit$$0000001B  c_w.l(libinit2.o)
    0x0800032c   0x0800032c   0x00000000   Code   RO         7286    .ARM.Collect$$libinit$$0000001D  c_w.l(libinit2.o)
    0x0800032c   0x0800032c   0x00000000   Code   RO         7288    .ARM.Collect$$libinit$$0000001F  c_w.l(libinit2.o)
    0x0800032c   0x0800032c   0x00000000   Code   RO         7290    .ARM.Collect$$libinit$$00000021  c_w.l(libinit2.o)
    0x0800032c   0x0800032c   0x00000000   Code   RO         7292    .ARM.Collect$$libinit$$00000023  c_w.l(libinit2.o)
    0x0800032c   0x0800032c   0x00000000   Code   RO         7294    .ARM.Collect$$libinit$$00000025  c_w.l(libinit2.o)
    0x0800032c   0x0800032c   0x00000000   Code   RO         7298    .ARM.Collect$$libinit$$0000002C  c_w.l(libinit2.o)
    0x0800032c   0x0800032c   0x00000000   Code   RO         7300    .ARM.Collect$$libinit$$0000002E  c_w.l(libinit2.o)
    0x0800032c   0x0800032c   0x00000000   Code   RO         7302    .ARM.Collect$$libinit$$00000030  c_w.l(libinit2.o)
    0x0800032c   0x0800032c   0x00000000   Code   RO         7304    .ARM.Collect$$libinit$$00000032  c_w.l(libinit2.o)
    0x0800032c   0x0800032c   0x00000002   Code   RO         7305    .ARM.Collect$$libinit$$00000033  c_w.l(libinit2.o)
    0x0800032e   0x0800032e   0x00000002   Code   RO         7352    .ARM.Collect$$libshutdown$$00000000  c_w.l(libshutdown.o)
    0x08000330   0x08000330   0x00000000   Code   RO         7370    .ARM.Collect$$libshutdown$$00000002  c_w.l(libshutdown2.o)
    0x08000330   0x08000330   0x00000000   Code   RO         7372    .ARM.Collect$$libshutdown$$00000004  c_w.l(libshutdown2.o)
    0x08000330   0x08000330   0x00000000   Code   RO         7375    .ARM.Collect$$libshutdown$$00000007  c_w.l(libshutdown2.o)
    0x08000330   0x08000330   0x00000000   Code   RO         7378    .ARM.Collect$$libshutdown$$0000000A  c_w.l(libshutdown2.o)
    0x08000330   0x08000330   0x00000000   Code   RO         7380    .ARM.Collect$$libshutdown$$0000000C  c_w.l(libshutdown2.o)
    0x08000330   0x08000330   0x00000000   Code   RO         7383    .ARM.Collect$$libshutdown$$0000000F  c_w.l(libshutdown2.o)
    0x08000330   0x08000330   0x00000002   Code   RO         7384    .ARM.Collect$$libshutdown$$00000010  c_w.l(libshutdown2.o)
    0x08000332   0x08000332   0x00000000   Code   RO         7138    .ARM.Collect$$rtentry$$00000000  c_w.l(__rtentry.o)
    0x08000332   0x08000332   0x00000000   Code   RO         7178    .ARM.Collect$$rtentry$$00000002  c_w.l(__rtentry2.o)
    0x08000332   0x08000332   0x00000006   Code   RO         7190    .ARM.Collect$$rtentry$$00000004  c_w.l(__rtentry4.o)
    0x08000338   0x08000338   0x00000000   Code   RO         7180    .ARM.Collect$$rtentry$$00000009  c_w.l(__rtentry2.o)
    0x08000338   0x08000338   0x00000004   Code   RO         7181    .ARM.Collect$$rtentry$$0000000A  c_w.l(__rtentry2.o)
    0x0800033c   0x0800033c   0x00000000   Code   RO         7183    .ARM.Collect$$rtentry$$0000000C  c_w.l(__rtentry2.o)
    0x0800033c   0x0800033c   0x00000008   Code   RO         7184    .ARM.Collect$$rtentry$$0000000D  c_w.l(__rtentry2.o)
    0x08000344   0x08000344   0x00000002   Code   RO         7306    .ARM.Collect$$rtexit$$00000000  c_w.l(rtexit.o)
    0x08000346   0x08000346   0x00000000   Code   RO         7321    .ARM.Collect$$rtexit$$00000002  c_w.l(rtexit2.o)
    0x08000346   0x08000346   0x00000004   Code   RO         7322    .ARM.Collect$$rtexit$$00000003  c_w.l(rtexit2.o)
    0x0800034a   0x0800034a   0x00000006   Code   RO         7323    .ARM.Collect$$rtexit$$00000004  c_w.l(rtexit2.o)
    0x08000350   0x08000350   0x000000be   Code   RO         6827    .emb_text           port.o
    0x0800040e   0x0800040e   0x00000002   PAD
    0x08000410   0x08000410   0x00000048   Code   RO            4    .text               startup_stm32h743xx.o
    0x08000458   0x08000458   0x000000ee   Code   RO         7048    .text               c_w.l(lludivv7m.o)
    0x08000546   0x08000546   0x00000002   PAD
    0x08000548   0x08000548   0x0000002c   Code   RO         7050    .text               c_w.l(__2sprintf.o)
    0x08000574   0x08000574   0x0000010e   Code   RO         7068    .text               c_w.l(__printf_wp.o)
    0x08000682   0x08000682   0x0000008a   Code   RO         7088    .text               c_w.l(rt_memcpy_v6.o)
    0x0800070c   0x0800070c   0x00000010   Code   RO         7092    .text               c_w.l(aeabi_memset.o)
    0x0800071c   0x0800071c   0x0000004e   Code   RO         7094    .text               c_w.l(rt_memclr_w.o)
    0x0800076a   0x0800076a   0x00000006   Code   RO         7096    .text               c_w.l(heapauxi.o)
    0x08000770   0x08000770   0x00000016   Code   RO         7143    .text               c_w.l(_rserrno.o)
    0x08000786   0x08000786   0x0000041e   Code   RO         7147    .text               c_w.l(_printf_fp_dec.o)
    0x08000ba4   0x08000ba4   0x00000030   Code   RO         7149    .text               c_w.l(_printf_char_common.o)
    0x08000bd4   0x08000bd4   0x0000000a   Code   RO         7151    .text               c_w.l(_sputc.o)
    0x08000bde   0x08000bde   0x00000064   Code   RO         7156    .text               c_w.l(rt_memcpy_w.o)
    0x08000c42   0x08000c42   0x00000044   Code   RO         7158    .text               c_w.l(rt_memclr.o)
    0x08000c86   0x08000c86   0x00000002   PAD
    0x08000c88   0x08000c88   0x00000008   Code   RO         7197    .text               c_w.l(rt_locale_intlibspace.o)
    0x08000c90   0x08000c90   0x00000008   Code   RO         7202    .text               c_w.l(rt_errno_addr_intlibspace.o)
    0x08000c98   0x08000c98   0x0000008a   Code   RO         7204    .text               c_w.l(lludiv10.o)
    0x08000d22   0x08000d22   0x00000002   PAD
    0x08000d24   0x08000d24   0x00000080   Code   RO         7206    .text               c_w.l(_printf_fp_infnan.o)
    0x08000da4   0x08000da4   0x000000e4   Code   RO         7210    .text               c_w.l(bigflt0.o)
    0x08000e88   0x08000e88   0x00000008   Code   RO         7242    .text               c_w.l(libspace.o)
    0x08000e90   0x08000e90   0x0000004a   Code   RO         7245    .text               c_w.l(sys_stackheap_outer.o)
    0x08000eda   0x08000eda   0x00000012   Code   RO         7247    .text               c_w.l(exit.o)
    0x08000eec   0x08000eec   0x00000068   Code   RO         7253    .text               c_w.l(strcmpv7m_pel.o)
    0x08000f54   0x08000f54   0x0000000c   Code   RO         7318    .text               c_w.l(sys_exit.o)
    0x08000f60   0x08000f60   0x00000002   Code   RO         7339    .text               c_w.l(use_no_semi.o)
    0x08000f62   0x08000f62   0x00000000   Code   RO         7341    .text               c_w.l(indicate_semi.o)
    0x08000f62   0x08000f62   0x0000003e   Code   RO         7213    CL$$btod_d2e        c_w.l(btod.o)
    0x08000fa0   0x08000fa0   0x00000046   Code   RO         7215    CL$$btod_d2e_denorm_low  c_w.l(btod.o)
    0x08000fe6   0x08000fe6   0x00000060   Code   RO         7214    CL$$btod_d2e_norm_op1  c_w.l(btod.o)
    0x08001046   0x08001046   0x00000338   Code   RO         7223    CL$$btod_div_common  c_w.l(btod.o)
    0x0800137e   0x0800137e   0x000000dc   Code   RO         7220    CL$$btod_e2e        c_w.l(btod.o)
    0x0800145a   0x0800145a   0x0000002a   Code   RO         7217    CL$$btod_ediv       c_w.l(btod.o)
    0x08001484   0x08001484   0x0000002a   Code   RO         7216    CL$$btod_emul       c_w.l(btod.o)
    0x080014ae   0x080014ae   0x00000244   Code   RO         7222    CL$$btod_mult_common  c_w.l(btod.o)
    0x080016f2   0x080016f2   0x00000004   Code   RO          500    i.BusFault_Handler  stm32h7xx_it.o
    0x080016f6   0x080016f6   0x00000002   Code   RO          501    i.DebugMon_Handler  stm32h7xx_it.o
    0x080016f8   0x080016f8   0x00000006   Code   RO           13    i.Error_Handler     main.o
    0x080016fe   0x080016fe   0x00000002   PAD
    0x08001700   0x08001700   0x00000024   Code   RO         5034    i.ExitRun0Mode      system_stm32h7xx.o
    0x08001724   0x08001724   0x000000a0   Code   RO         6964    i.Gyro_Bias_Calibrate  mahony.o
    0x080017c4   0x080017c4   0x000004dc   Code   RO         2540    i.HAL_DMA_Abort     stm32h7xx_hal_dma.o
    0x08001ca0   0x08001ca0   0x00000398   Code   RO         2541    i.HAL_DMA_Abort_IT  stm32h7xx_hal_dma.o
    0x08002038   0x08002038   0x00000028   Code   RO         3249    i.HAL_Delay         stm32h7xx_hal.o
    0x08002060   0x08002060   0x000001fc   Code   RO         2388    i.HAL_GPIO_Init     stm32h7xx_hal_gpio.o
    0x0800225c   0x0800225c   0x0000000c   Code   RO         2392    i.HAL_GPIO_WritePin  stm32h7xx_hal_gpio.o
    0x08002268   0x08002268   0x0000000c   Code   RO         3260    i.HAL_GetREVID      stm32h7xx_hal.o
    0x08002274   0x08002274   0x0000000c   Code   RO         3261    i.HAL_GetTick       stm32h7xx_hal.o
    0x08002280   0x08002280   0x00000018   Code   RO         3267    i.HAL_IncTick       stm32h7xx_hal.o
    0x08002298   0x08002298   0x00000060   Code   RO         3268    i.HAL_Init          stm32h7xx_hal.o
    0x080022f8   0x080022f8   0x00000094   Code   RO          608    i.HAL_InitTick      stm32h7xx_hal_timebase_tim.o
    0x0800238c   0x0800238c   0x0000005c   Code   RO         1666    i.HAL_MPU_ConfigRegion  stm32h7xx_hal_cortex.o
    0x080023e8   0x080023e8   0x0000002c   Code   RO         1667    i.HAL_MPU_Disable   stm32h7xx_hal_cortex.o
    0x08002414   0x08002414   0x00000040   Code   RO         1669    i.HAL_MPU_Enable    stm32h7xx_hal_cortex.o
    0x08002454   0x08002454   0x00000030   Code   RO          580    i.HAL_MspInit       stm32h7xx_hal_msp.o
    0x08002484   0x08002484   0x00000028   Code   RO         1673    i.HAL_NVIC_EnableIRQ  stm32h7xx_hal_cortex.o
    0x080024ac   0x080024ac   0x0000007a   Code   RO         1679    i.HAL_NVIC_SetPriority  stm32h7xx_hal_cortex.o
    0x08002526   0x08002526   0x00000002   PAD
    0x08002528   0x08002528   0x00000028   Code   RO         1680    i.HAL_NVIC_SetPriorityGrouping  stm32h7xx_hal_cortex.o
    0x08002550   0x08002550   0x00000060   Code   RO         2989    i.HAL_PWREx_ConfigSupply  stm32h7xx_hal_pwr_ex.o
    0x080025b0   0x080025b0   0x00000024   Code   RO         1939    i.HAL_RCCEx_GetD3PCLK1Freq  stm32h7xx_hal_rcc_ex.o
    0x080025d4   0x080025d4   0x00000230   Code   RO         1941    i.HAL_RCCEx_GetPLL2ClockFreq  stm32h7xx_hal_rcc_ex.o
    0x08002804   0x08002804   0x00000230   Code   RO         1942    i.HAL_RCCEx_GetPLL3ClockFreq  stm32h7xx_hal_rcc_ex.o
    0x08002a34   0x08002a34   0x00000d68   Code   RO         1948    i.HAL_RCCEx_PeriphCLKConfig  stm32h7xx_hal_rcc_ex.o
    0x0800379c   0x0800379c   0x00000320   Code   RO         1824    i.HAL_RCC_ClockConfig  stm32h7xx_hal_rcc.o
    0x08003abc   0x08003abc   0x0000006c   Code   RO         1828    i.HAL_RCC_GetClockConfig  stm32h7xx_hal_rcc.o
    0x08003b28   0x08003b28   0x0000004c   Code   RO         1829    i.HAL_RCC_GetHCLKFreq  stm32h7xx_hal_rcc.o
    0x08003b74   0x08003b74   0x00000024   Code   RO         1831    i.HAL_RCC_GetPCLK1Freq  stm32h7xx_hal_rcc.o
    0x08003b98   0x08003b98   0x00000024   Code   RO         1832    i.HAL_RCC_GetPCLK2Freq  stm32h7xx_hal_rcc.o
    0x08003bbc   0x08003bbc   0x0000022c   Code   RO         1833    i.HAL_RCC_GetSysClockFreq  stm32h7xx_hal_rcc.o
    0x08003de8   0x08003de8   0x00000858   Code   RO         1836    i.HAL_RCC_OscConfig  stm32h7xx_hal_rcc.o
    0x08004640   0x08004640   0x000001b0   Code   RO         4163    i.HAL_SPI_Init      stm32h7xx_hal_spi.o
    0x080047f0   0x080047f0   0x0000009c   Code   RO          363    i.HAL_SPI_MspInit   spi.o
    0x0800488c   0x0800488c   0x00000454   Code   RO         4173    i.HAL_SPI_TransmitReceive  stm32h7xx_hal_spi.o
    0x08004ce0   0x08004ce0   0x00000002   Code   RO         1374    i.HAL_TIMEx_Break2Callback  stm32h7xx_hal_tim_ex.o
    0x08004ce2   0x08004ce2   0x00000002   Code   RO         1375    i.HAL_TIMEx_BreakCallback  stm32h7xx_hal_tim_ex.o
    0x08004ce4   0x08004ce4   0x00000002   Code   RO         1376    i.HAL_TIMEx_CommutCallback  stm32h7xx_hal_tim_ex.o
    0x08004ce6   0x08004ce6   0x00000002   PAD
    0x08004ce8   0x08004ce8   0x000000cc   Code   RO         1396    i.HAL_TIMEx_MasterConfigSynchronization  stm32h7xx_hal_tim_ex.o
    0x08004db4   0x08004db4   0x0000006e   Code   RO          649    i.HAL_TIM_Base_Init  stm32h7xx_hal_tim.o
    0x08004e22   0x08004e22   0x00000002   PAD
    0x08004e24   0x08004e24   0x00000040   Code   RO          409    i.HAL_TIM_Base_MspInit  tim.o
    0x08004e64   0x08004e64   0x000000b4   Code   RO          654    i.HAL_TIM_Base_Start_IT  stm32h7xx_hal_tim.o
    0x08004f18   0x08004f18   0x00000134   Code   RO          658    i.HAL_TIM_ConfigClockSource  stm32h7xx_hal_tim.o
    0x0800504c   0x0800504c   0x00000002   Code   RO          683    i.HAL_TIM_IC_CaptureCallback  stm32h7xx_hal_tim.o
    0x0800504e   0x0800504e   0x00000198   Code   RO          697    i.HAL_TIM_IRQHandler  stm32h7xx_hal_tim.o
    0x080051e6   0x080051e6   0x00000002   Code   RO          700    i.HAL_TIM_OC_DelayElapsedCallback  stm32h7xx_hal_tim.o
    0x080051e8   0x080051e8   0x00000002   Code   RO          727    i.HAL_TIM_PWM_PulseFinishedCallback  stm32h7xx_hal_tim.o
    0x080051ea   0x080051ea   0x00000002   PAD
    0x080051ec   0x080051ec   0x00000024   Code   RO           14    i.HAL_TIM_PeriodElapsedCallback  main.o
    0x08005210   0x08005210   0x00000002   Code   RO          740    i.HAL_TIM_TriggerCallback  stm32h7xx_hal_tim.o
    0x08005212   0x08005212   0x0000004e   Code   RO         4911    i.HAL_UARTEx_DisableFifoMode  stm32h7xx_hal_uart_ex.o
    0x08005260   0x08005260   0x00000002   Code   RO         4495    i.HAL_UARTEx_RxEventCallback  stm32h7xx_hal_uart.o
    0x08005262   0x08005262   0x00000002   Code   RO         4919    i.HAL_UARTEx_RxFifoFullCallback  stm32h7xx_hal_uart_ex.o
    0x08005264   0x08005264   0x0000005e   Code   RO         4920    i.HAL_UARTEx_SetRxFifoThreshold  stm32h7xx_hal_uart_ex.o
    0x080052c2   0x080052c2   0x0000005e   Code   RO         4921    i.HAL_UARTEx_SetTxFifoThreshold  stm32h7xx_hal_uart_ex.o
    0x08005320   0x08005320   0x00000002   Code   RO         4923    i.HAL_UARTEx_TxFifoEmptyCallback  stm32h7xx_hal_uart_ex.o
    0x08005322   0x08005322   0x00000002   Code   RO         4924    i.HAL_UARTEx_WakeupCallback  stm32h7xx_hal_uart_ex.o
    0x08005324   0x08005324   0x00000002   Code   RO         4511    i.HAL_UART_ErrorCallback  stm32h7xx_hal_uart.o
    0x08005326   0x08005326   0x00000002   PAD
    0x08005328   0x08005328   0x000004b6   Code   RO         4514    i.HAL_UART_IRQHandler  stm32h7xx_hal_uart.o
    0x080057de   0x080057de   0x00000078   Code   RO         4515    i.HAL_UART_Init     stm32h7xx_hal_uart.o
    0x08005856   0x08005856   0x00000002   PAD
    0x08005858   0x08005858   0x000000ac   Code   RO          455    i.HAL_UART_MspInit  usart.o
    0x08005904   0x08005904   0x000000c2   Code   RO         4524    i.HAL_UART_Transmit  stm32h7xx_hal_uart.o
    0x080059c6   0x080059c6   0x00000002   Code   RO         4527    i.HAL_UART_TxCpltCallback  stm32h7xx_hal_uart.o
    0x080059c8   0x080059c8   0x00000004   Code   RO          502    i.HardFault_Handler  stm32h7xx_it.o
    0x080059cc   0x080059cc   0x000000b8   Code   RO         6907    i.ICM42688_Init     icm42688.o
    0x08005a84   0x08005a84   0x00000030   Code   RO         6908    i.ICM42688_ReadReg  icm42688.o
    0x08005ab4   0x08005ab4   0x00000044   Code   RO         6909    i.ICM42688_ReadRegs  icm42688.o
    0x08005af8   0x08005af8   0x00000114   Code   RO         6910    i.ICM42688_Read_6Axis_Temp  icm42688.o
    0x08005c0c   0x08005c0c   0x00000030   Code   RO         6911    i.ICM42688_WriteReg  icm42688.o
    0x08005c3c   0x08005c3c   0x000000b4   Code   RO         6965    i.IMU_Data_Init     mahony.o
    0x08005cf0   0x08005cf0   0x00000056   Code   RO           15    i.MPU_Config        main.o
    0x08005d46   0x08005d46   0x00000002   PAD
    0x08005d48   0x08005d48   0x00000020   Code   RO          281    i.MX_FREERTOS_Init  freertos.o
    0x08005d68   0x08005d68   0x000000a4   Code   RO          253    i.MX_GPIO_Init      gpio.o
    0x08005e0c   0x08005e0c   0x00000064   Code   RO          364    i.MX_SPI1_Init      spi.o
    0x08005e70   0x08005e70   0x00000070   Code   RO          410    i.MX_TIM2_Init      tim.o
    0x08005ee0   0x08005ee0   0x0000006c   Code   RO          456    i.MX_USART1_UART_Init  usart.o
    0x08005f4c   0x08005f4c   0x00000022   Code   RO         6966    i.Mahony_Set_Gyro_Bias  mahony.o
    0x08005f6e   0x08005f6e   0x00000026   Code   RO         6968    i.Mahony_Set_Temp_Ref  mahony.o
    0x08005f94   0x08005f94   0x00000780   Code   RO         6969    i.Mahony_Update_IMU_Dt  mahony.o
    0x08006714   0x08006714   0x00000004   Code   RO          503    i.MemManage_Handler  stm32h7xx_it.o
    0x08006718   0x08006718   0x00000004   Code   RO          504    i.NMI_Handler       stm32h7xx_it.o
    0x0800671c   0x0800671c   0x00000164   Code   RO         1951    i.RCCEx_PLL2_Config  stm32h7xx_hal_rcc_ex.o
    0x08006880   0x08006880   0x00000164   Code   RO         1952    i.RCCEx_PLL3_Config  stm32h7xx_hal_rcc_ex.o
    0x080069e4   0x080069e4   0x000000d6   Code   RO         4183    i.SPI_CloseTransfer  stm32h7xx_hal_spi.o
    0x08006aba   0x08006aba   0x0000001a   Code   RO         4194    i.SPI_GetPacketSize  stm32h7xx_hal_spi.o
    0x08006ad4   0x08006ad4   0x00000020   Code   RO         6912    i.SPI_ReadWriteByte  icm42688.o
    0x08006af4   0x08006af4   0x00000042   Code   RO         4201    i.SPI_WaitOnFlagUntilTimeout  stm32h7xx_hal_spi.o
    0x08006b36   0x08006b36   0x0000000a   Code   RO          282    i.StartDefaultTask  freertos.o
    0x08006b40   0x08006b40   0x00000016   Code   RO         6242    i.SysTick_Handler   cmsis_os2.o
    0x08006b56   0x08006b56   0x00000002   PAD
    0x08006b58   0x08006b58   0x000000d0   Code   RO           16    i.SystemClock_Config  main.o
    0x08006c28   0x08006c28   0x00000128   Code   RO         5036    i.SystemInit        system_stm32h7xx.o
    0x08006d50   0x08006d50   0x00000010   Code   RO          505    i.TIM1_UP_IRQHandler  stm32h7xx_it.o
    0x08006d60   0x08006d60   0x00000010   Code   RO          506    i.TIM2_IRQHandler   stm32h7xx_it.o
    0x08006d70   0x08006d70   0x000000d4   Code   RO          742    i.TIM_Base_SetConfig  stm32h7xx_hal_tim.o
    0x08006e44   0x08006e44   0x00000016   Code   RO          753    i.TIM_ETR_SetConfig  stm32h7xx_hal_tim.o
    0x08006e5a   0x08006e5a   0x00000002   PAD
    0x08006e5c   0x08006e5c   0x00000018   Code   RO          754    i.TIM_ITRx_SetConfig  stm32h7xx_hal_tim.o
    0x08006e74   0x08006e74   0x00000026   Code   RO          762    i.TIM_TI1_ConfigInputStage  stm32h7xx_hal_tim.o
    0x08006e9a   0x08006e9a   0x00000028   Code   RO          764    i.TIM_TI2_ConfigInputStage  stm32h7xx_hal_tim.o
    0x08006ec2   0x08006ec2   0x00000002   PAD
    0x08006ec4   0x08006ec4   0x0000006c   Code   RO           17    i.Task_UartTx       main.o
    0x08006f30   0x08006f30   0x00000058   Code   RO         4925    i.UARTEx_SetNbDataToProcess  stm32h7xx_hal_uart_ex.o
    0x08006f88   0x08006f88   0x000000f8   Code   RO         4529    i.UART_AdvFeatureConfig  stm32h7xx_hal_uart.o
    0x08007080   0x08007080   0x000000ea   Code   RO         4530    i.UART_CheckIdleState  stm32h7xx_hal_uart.o
    0x0800716a   0x0800716a   0x00000014   Code   RO         4531    i.UART_DMAAbortOnError  stm32h7xx_hal_uart.o
    0x0800717e   0x0800717e   0x00000002   PAD
    0x08007180   0x08007180   0x0000006c   Code   RO         4541    i.UART_EndRxTransfer  stm32h7xx_hal_uart.o
    0x080071ec   0x080071ec   0x00000030   Code   RO         4542    i.UART_EndTransmit_IT  stm32h7xx_hal_uart.o
    0x0800721c   0x0800721c   0x0000058c   Code   RO         4548    i.UART_SetConfig    stm32h7xx_hal_uart.o
    0x080077a8   0x080077a8   0x000000ac   Code   RO         4555    i.UART_WaitOnFlagUntilTimeout  stm32h7xx_hal_uart.o
    0x08007854   0x08007854   0x00000010   Code   RO          507    i.USART1_IRQHandler  stm32h7xx_it.o
    0x08007864   0x08007864   0x00000078   Code   RO         6970    i.USE_TIM_Get_Data  mahony.o
    0x080078dc   0x080078dc   0x00000004   Code   RO          508    i.UsageFault_Handler  stm32h7xx_it.o
    0x080078e0   0x080078e0   0x00000030   Code   RO         7240    i.__ARM_fpclassify  m_wv.l(fpclassify.o)
    0x08007910   0x08007910   0x00000026   Code   RO         7161    i.__ARM_fpclassifyf  m_wv.l(fpclassifyf.o)
    0x08007936   0x08007936   0x00000002   PAD
    0x08007938   0x08007938   0x00000010   Code   RO         1686    i.__NVIC_GetPriorityGrouping  stm32h7xx_hal_cortex.o
    0x08007948   0x08007948   0x00000028   Code   RO         1687    i.__NVIC_SetPriority  stm32h7xx_hal_cortex.o
    0x08007970   0x08007970   0x00000006   Code   RO         6244    i.__get_IPSR        cmsis_os2.o
    0x08007976   0x08007976   0x00000002   PAD
    0x08007978   0x08007978   0x00000138   Code   RO         7102    i.__hardfp_asinf    m_wv.l(asinf.o)
    0x08007ab0   0x08007ab0   0x00000258   Code   RO         7114    i.__hardfp_atan2f   m_wv.l(atan2f.o)
    0x08007d08   0x08007d08   0x0000003a   Code   RO         7126    i.__hardfp_sqrtf    m_wv.l(sqrtf.o)
    0x08007d42   0x08007d42   0x00000006   Code   RO         7164    i.__mathlib_flt_infnan  m_wv.l(funder.o)
    0x08007d48   0x08007d48   0x00000006   Code   RO         7165    i.__mathlib_flt_infnan2  m_wv.l(funder.o)
    0x08007d4e   0x08007d4e   0x00000002   PAD
    0x08007d50   0x08007d50   0x00000010   Code   RO         7166    i.__mathlib_flt_invalid  m_wv.l(funder.o)
    0x08007d60   0x08007d60   0x00000010   Code   RO         7169    i.__mathlib_flt_underflow  m_wv.l(funder.o)
    0x08007d70   0x08007d70   0x0000000e   Code   RO         7070    i._is_digit         c_w.l(__printf_wp.o)
    0x08007d7e   0x08007d7e   0x0000002a   Code   RO         6971    i.clampf            mahony.o
    0x08007da8   0x08007da8   0x00000002   Code   RO          283    i.configureTimerForRunTimeStats  freertos.o
    0x08007daa   0x08007daa   0x00000004   Code   RO          284    i.getRunTimeCounterValue  freertos.o
    0x08007dae   0x08007dae   0x00000002   PAD
    0x08007db0   0x08007db0   0x000001a0   Code   RO         6972    i.gyro_calib_once   mahony.o
    0x08007f50   0x08007f50   0x00000078   Code   RO           18    i.main              main.o
    0x08007fc8   0x08007fc8   0x0000001e   Code   RO         6245    i.osDelay           cmsis_os2.o
    0x08007fe6   0x08007fe6   0x00000002   PAD
    0x08007fe8   0x08007fe8   0x0000002c   Code   RO         6259    i.osKernelInitialize  cmsis_os2.o
    0x08008014   0x08008014   0x00000060   Code   RO         6262    i.osKernelStart     cmsis_os2.o
    0x08008074   0x08008074   0x000000b8   Code   RO         6304    i.osThreadNew       cmsis_os2.o
    0x0800812c   0x0800812c   0x0000007c   Code   RO         5658    i.prvAddCurrentTaskToDelayedList  tasks.o
    0x080081a8   0x080081a8   0x000000b8   Code   RO         5659    i.prvAddNewTaskToReadyList  tasks.o
    0x08008260   0x08008260   0x00000074   Code   RO         6055    i.prvCheckForValidListAndQueue  timers.o
    0x080082d4   0x080082d4   0x00000048   Code   RO         5660    i.prvCheckTasksWaitingTermination  tasks.o
    0x0800831c   0x0800831c   0x0000002a   Code   RO         5245    i.prvCopyDataFromQueue  queue.o
    0x08008346   0x08008346   0x0000007e   Code   RO         5246    i.prvCopyDataToQueue  queue.o
    0x080083c4   0x080083c4   0x00000050   Code   RO         5661    i.prvDeleteTCB      tasks.o
    0x08008414   0x08008414   0x00000028   Code   RO         6056    i.prvGetNextExpireTime  timers.o
    0x0800843c   0x0800843c   0x0000007c   Code   RO         6772    i.prvHeapInit       heap_4.o
    0x080084b8   0x080084b8   0x00000028   Code   RO         5662    i.prvIdleTask       tasks.o
    0x080084e0   0x080084e0   0x0000002a   Code   RO         5249    i.prvInitialiseNewQueue  queue.o
    0x0800850a   0x0800850a   0x000000c4   Code   RO         5663    i.prvInitialiseNewTask  tasks.o
    0x080085ce   0x080085ce   0x00000002   PAD
    0x080085d0   0x080085d0   0x00000068   Code   RO         5664    i.prvInitialiseTaskLists  tasks.o
    0x08008638   0x08008638   0x00000068   Code   RO         6773    i.prvInsertBlockIntoFreeList  heap_4.o
    0x080086a0   0x080086a0   0x00000058   Code   RO         6058    i.prvInsertTimerInActiveList  timers.o
    0x080086f8   0x080086f8   0x0000001a   Code   RO         5250    i.prvIsQueueEmpty   queue.o
    0x08008712   0x08008712   0x0000001e   Code   RO         5251    i.prvIsQueueFull    queue.o
    0x08008730   0x08008730   0x00000074   Code   RO         6059    i.prvProcessExpiredTimer  timers.o
    0x080087a4   0x080087a4   0x00000164   Code   RO         6060    i.prvProcessReceivedCommands  timers.o
    0x08008908   0x08008908   0x00000074   Code   RO         6061    i.prvProcessTimerOrBlockTask  timers.o
    0x0800897c   0x0800897c   0x00000034   Code   RO         5666    i.prvResetNextTaskUnblockTime  tasks.o
    0x080089b0   0x080089b0   0x0000002c   Code   RO         6062    i.prvSampleTimeNow  timers.o
    0x080089dc   0x080089dc   0x000000a4   Code   RO         6063    i.prvSwitchTimerLists  timers.o
    0x08008a80   0x08008a80   0x00000040   Code   RO         6828    i.prvTaskExitError  port.o
    0x08008ac0   0x08008ac0   0x0000001a   Code   RO         6064    i.prvTimerTask      timers.o
    0x08008ada   0x08008ada   0x0000007e   Code   RO         5252    i.prvUnlockQueue    queue.o
    0x08008b58   0x08008b58   0x0000014c   Code   RO         6774    i.pvPortMalloc      heap_4.o
    0x08008ca4   0x08008ca4   0x0000002c   Code   RO         6829    i.pxPortInitialiseStack  port.o
    0x08008cd0   0x08008cd0   0x0000003e   Code   RO         7128    i.sqrtf             m_wv.l(sqrtf.o)
    0x08008d0e   0x08008d0e   0x00000028   Code   RO         5205    i.uxListRemove      list.o
    0x08008d36   0x08008d36   0x00000002   PAD
    0x08008d38   0x08008d38   0x00000018   Code   RO         6316    i.vApplicationGetIdleTaskMemory  cmsis_os2.o
    0x08008d50   0x08008d50   0x00000018   Code   RO         6317    i.vApplicationGetTimerTaskMemory  cmsis_os2.o
    0x08008d68   0x08008d68   0x0000001a   Code   RO         5206    i.vListInitialise   list.o
    0x08008d82   0x08008d82   0x00000006   Code   RO         5207    i.vListInitialiseItem  list.o
    0x08008d88   0x08008d88   0x00000034   Code   RO         5208    i.vListInsert       list.o
    0x08008dbc   0x08008dbc   0x00000018   Code   RO         5209    i.vListInsertEnd    list.o
    0x08008dd4   0x08008dd4   0x00000054   Code   RO         6831    i.vPortEnterCritical  port.o
    0x08008e28   0x08008e28   0x0000003c   Code   RO         6832    i.vPortExitCritical  port.o
    0x08008e64   0x08008e64   0x000000a4   Code   RO         6775    i.vPortFree         heap_4.o
    0x08008f08   0x08008f08   0x00000028   Code   RO         6833    i.vPortSetupTimerInterrupt  port.o
    0x08008f30   0x08008f30   0x00000078   Code   RO         6834    i.vPortValidateInterruptPriority  port.o
    0x08008fa8   0x08008fa8   0x0000002c   Code   RO         5258    i.vQueueAddToRegistry  queue.o
    0x08008fd4   0x08008fd4   0x0000004a   Code   RO         5262    i.vQueueWaitForMessageRestricted  queue.o
    0x0800901e   0x0800901e   0x00000002   PAD
    0x08009020   0x08009020   0x0000005c   Code   RO         5680    i.vTaskDelay        tasks.o
    0x0800907c   0x0800907c   0x00000018   Code   RO         5686    i.vTaskInternalSetTimeOutState  tasks.o
    0x08009094   0x08009094   0x0000000c   Code   RO         5688    i.vTaskMissedYield  tasks.o
    0x080090a0   0x080090a0   0x00000038   Code   RO         5690    i.vTaskPlaceOnEventList  tasks.o
    0x080090d8   0x080090d8   0x00000040   Code   RO         5691    i.vTaskPlaceOnEventListRestricted  tasks.o
    0x08009118   0x08009118   0x000000bc   Code   RO         5699    i.vTaskStartScheduler  tasks.o
    0x080091d4   0x080091d4   0x00000010   Code   RO         5701    i.vTaskSuspendAll   tasks.o
    0x080091e4   0x080091e4   0x000000cc   Code   RO         5702    i.vTaskSwitchContext  tasks.o
    0x080092b0   0x080092b0   0x00000168   Code   RO         6835    i.xPortStartScheduler  port.o
    0x08009418   0x08009418   0x00000034   Code   RO         6836    i.xPortSysTickHandler  port.o
    0x0800944c   0x0800944c   0x000000e0   Code   RO         5268    i.xQueueGenericCreateStatic  queue.o
    0x0800952c   0x0800952c   0x00000098   Code   RO         5269    i.xQueueGenericReset  queue.o
    0x080095c4   0x080095c4   0x000001a8   Code   RO         5270    i.xQueueGenericSend  queue.o
    0x0800976c   0x0800976c   0x000000fc   Code   RO         5271    i.xQueueGenericSendFromISR  queue.o
    0x08009868   0x08009868   0x00000168   Code   RO         5280    i.xQueueReceive     queue.o
    0x080099d0   0x080099d0   0x0000008c   Code   RO         5704    i.xTaskCheckForTimeOut  tasks.o
    0x08009a5c   0x08009a5c   0x00000064   Code   RO         5705    i.xTaskCreate       tasks.o
    0x08009ac0   0x08009ac0   0x000000ba   Code   RO         5706    i.xTaskCreateStatic  tasks.o
    0x08009b7a   0x08009b7a   0x00000002   PAD
    0x08009b7c   0x08009b7c   0x00000020   Code   RO         5710    i.xTaskGetSchedulerState  tasks.o
    0x08009b9c   0x08009b9c   0x0000000c   Code   RO         5711    i.xTaskGetTickCount  tasks.o
    0x08009ba8   0x08009ba8   0x00000144   Code   RO         5713    i.xTaskIncrementTick  tasks.o
    0x08009cec   0x08009cec   0x000000a4   Code   RO         5716    i.xTaskPriorityDisinherit  tasks.o
    0x08009d90   0x08009d90   0x00000098   Code   RO         5718    i.xTaskRemoveFromEventList  tasks.o
    0x08009e28   0x08009e28   0x00000104   Code   RO         5719    i.xTaskResumeAll    tasks.o
    0x08009f2c   0x08009f2c   0x00000078   Code   RO         6073    i.xTimerCreateTimerTask  timers.o
    0x08009fa4   0x08009fa4   0x00000084   Code   RO         6074    i.xTimerGenericCommand  timers.o
    0x0800a028   0x0800a028   0x0000002c   Code   RO         7236    locale$$code        c_w.l(lc_numeric_c.o)
    0x0800a054   0x0800a054   0x0000000a   Code   RO         7316    x$fpl$fpinit        fz_wv.l(fpinit.o)
    0x0800a05e   0x0800a05e   0x00000004   Code   RO         7100    x$fpl$printf1       fz_wv.l(printf1.o)
    0x0800a062   0x0800a062   0x00000000   Code   RO         7160    x$fpl$usenofp       fz_wv.l(usenofp.o)
    0x0800a062   0x0800a062   0x00000002   PAD
    0x0800a064   0x0800a064   0x00000024   Data   RO           19    .constdata          main.o
    0x0800a088   0x0800a088   0x00000024   Data   RO          285    .constdata          freertos.o
    0x0800a0ac   0x0800a0ac   0x00000018   Data   RO         4556    .constdata          stm32h7xx_hal_uart.o
    0x0800a0c4   0x0800a0c4   0x00000010   Data   RO         4927    .constdata          stm32h7xx_hal_uart_ex.o
    0x0800a0d4   0x0800a0d4   0x00000010   Data   RO         5037    .constdata          system_stm32h7xx.o
    0x0800a0e4   0x0800a0e4   0x00000094   Data   RO         7211    .constdata          c_w.l(bigflt0.o)
    0x0800a178   0x0800a178   0x00000007   Data   RO           20    .conststring        main.o
    0x0800a17f   0x0800a17f   0x00000001   PAD
    0x0800a180   0x0800a180   0x0000000c   Data   RO          286    .conststring        freertos.o
    0x0800a18c   0x0800a18c   0x00000020   Data   RO         7385    Region$$Table       anon$$obj.o
    0x0800a1ac   0x0800a1ac   0x0000001c   Data   RO         7235    locale$$data        c_w.l(lc_numeric_c.o)


    Execution Region RW_IRAM1 (Exec base: 0x20000000, Load base: 0x0800a1c8, Size: 0x00000000, Max: 0x00020000, ABSOLUTE)

    **** No section assigned to this execution region ****


    Execution Region RW_IRAM2 (Exec base: 0x24000000, Load base: 0x0800a1c8, Size: 0x0000c270, Max: 0x00080000, ABSOLUTE)

    Exec Addr    Load Addr    Size         Type   Attr      Idx    E Section Name        Object

    0x24000000   0x0800a1c8   0x00000004   Data   RW          287    .data               freertos.o
    0x24000004   0x0800a1cc   0x00000009   Data   RW         3290    .data               stm32h7xx_hal.o
    0x2400000d   0x0800a1d5   0x00000003   PAD
    0x24000010   0x0800a1d8   0x00000008   Data   RW         5038    .data               system_stm32h7xx.o
    0x24000018   0x0800a1e0   0x00000044   Data   RW         5722    .data               tasks.o
    0x2400005c   0x0800a224   0x00000014   Data   RW         6082    .data               timers.o
    0x24000070   0x0800a238   0x00000004   Data   RW         6319    .data               cmsis_os2.o
    0x24000074   0x0800a23c   0x00000020   Data   RW         6781    .data               heap_4.o
    0x24000094   0x0800a25c   0x0000000c   Data   RW         6837    .data               port.o
    0x240000a0   0x0800a268   0x00000004   Data   RW         6974    .data               mahony.o
    0x240000a4        -       0x00000088   Zero   RW          365    .bss                spi.o
    0x2400012c        -       0x0000004c   Zero   RW          411    .bss                tim.o
    0x24000178        -       0x00000094   Zero   RW          457    .bss                usart.o
    0x2400020c        -       0x0000004c   Zero   RW          611    .bss                stm32h7xx_hal_timebase_tim.o
    0x24000258        -       0x000000a0   Zero   RW         5284    .bss                queue.o
    0x240002f8        -       0x000004c4   Zero   RW         5721    .bss                tasks.o
    0x240007bc        -       0x00000118   Zero   RW         6081    .bss                timers.o
    0x240008d4        -       0x000012c8   Zero   RW         6318    .bss                cmsis_os2.o
    0x24001b9c        -       0x0000a000   Zero   RW         6780    .bss                heap_4.o
    0x2400bb9c        -       0x00000074   Zero   RW         6973    .bss                mahony.o
    0x2400bc10        -       0x00000060   Zero   RW         7243    .bss                c_w.l(libspace.o)
    0x2400bc70        -       0x00000200   Zero   RW            2    HEAP                startup_stm32h743xx.o
    0x2400be70        -       0x00000400   Zero   RW            1    STACK               startup_stm32h743xx.o


==============================================================================

Image component sizes


      Code (inc. data)   RO Data    RW Data    ZI Data      Debug   Object Name

       430         38          0          4       4808      70415   cmsis_os2.o
         0          0          0          0          0      18528   event_groups.o
        48         14         48          4          0       2998   freertos.o
       164          8          0          0          0       1139   gpio.o
       724         74          0         32      40960       5151   heap_4.o
       656         46          0          0          0       4446   icm42688.o
       148          0          0          0          0       3854   list.o
      2910        104          0          4        116      15460   mahony.o
       564         62         43          0          0    1314246   main.o
      1014         92          0         12          0      12129   port.o
      1922         20          0          0        160      17968   queue.o
       256         22          0          0        136       1977   spi.o
        72         30        664          0       1536        868   startup_stm32h743xx.o
       184         38          0          9          0      23021   stm32h7xx_hal.o
       458         40          0          0          0      41816   stm32h7xx_hal_cortex.o
      2164         34          0          0          0       4423   stm32h7xx_hal_dma.o
       520         52          0          0          0       2332   stm32h7xx_hal_gpio.o
        48          6          0          0          0        998   stm32h7xx_hal_msp.o
        96          6          0          0          0        801   stm32h7xx_hal_pwr_ex.o
      3748        124          0          0          0       7921   stm32h7xx_hal_rcc.o
      5300        108          0          0          0       7613   stm32h7xx_hal_rcc_ex.o
      1846         26          0          0          0       5885   stm32h7xx_hal_spi.o
      1350         86          0          0          0      10375   stm32h7xx_hal_tim.o
       210         30          0          0          0       3408   stm32h7xx_hal_tim_ex.o
       148         20          0          0         76       1691   stm32h7xx_hal_timebase_tim.o
      3776        146         24          0          0      32128   stm32h7xx_hal_uart.o
       360         10         16          0          0       5790   stm32h7xx_hal_uart_ex.o
        70         18          0          0          0       4552   stm32h7xx_it.o
         0          0          0          0          0        392   stream_buffer.o
       332         46         16          8          0       2021   system_stm32h7xx.o
      2878        352          0         68       1220      28538   tasks.o
       176         12          0          0         76       1922   tim.o
      1318        124          0         20        280      32491   timers.o
       280         22          0          0        148       2026   usart.o

    ----------------------------------------------------------------------
     34210       1810        844        164      49516    1689323   Object Totals
         0          0         32          0          0          0   (incl. Generated)
        40          0          1          3          0          0   (incl. Padding)

    ----------------------------------------------------------------------

      Code (inc. data)   RO Data    RW Data    ZI Data      Debug   Library Member Name

        44          6          0          0          0         84   __2sprintf.o
         8          0          0          0          0         68   __main.o
       284          0          0          0          0        156   __printf_wp.o
         0          0          0          0          0          0   __rtentry.o
        12          0          0          0          0          0   __rtentry2.o
         6          0          0          0          0          0   __rtentry4.o
        52          8          0          0          0          0   __scatter.o
        26          0          0          0          0          0   __scatter_copy.o
        28          0          0          0          0          0   __scatter_zi.o
        48          6          0          0          0         96   _printf_char_common.o
         6          0          0          0          0          0   _printf_f.o
      1054          0          0          0          0        216   _printf_fp_dec.o
       128         16          0          0          0         84   _printf_fp_infnan.o
         0          0          0          0          0          0   _printf_percent.o
         4          0          0          0          0          0   _printf_percent_end.o
        22          0          0          0          0        100   _rserrno.o
        10          0          0          0          0         68   _sputc.o
        16          0          0          0          0         68   aeabi_memset.o
       228          4        148          0          0         96   bigflt0.o
      1936        128          0          0          0        672   btod.o
        18          0          0          0          0         80   exit.o
         6          0          0          0          0        152   heapauxi.o
         0          0          0          0          0          0   indicate_semi.o
        44         10         28          0          0         76   lc_numeric_c.o
         2          0          0          0          0          0   libinit.o
        22          0          0          0          0          0   libinit2.o
         2          0          0          0          0          0   libshutdown.o
         2          0          0          0          0          0   libshutdown2.o
         8          4          0          0         96         68   libspace.o
       138          0          0          0          0         80   lludiv10.o
       238          0          0          0          0        100   lludivv7m.o
         8          4          0          0          0         68   rt_errno_addr_intlibspace.o
         8          4          0          0          0         68   rt_locale_intlibspace.o
        68          0          0          0          0         68   rt_memclr.o
        78          0          0          0          0         80   rt_memclr_w.o
       138          0          0          0          0         68   rt_memcpy_v6.o
       100          0          0          0          0         80   rt_memcpy_w.o
         2          0          0          0          0          0   rtexit.o
        10          0          0          0          0          0   rtexit2.o
       104          0          0          0          0         68   strcmpv7m_pel.o
        12          4          0          0          0         68   sys_exit.o
        74          0          0          0          0         80   sys_stackheap_outer.o
         2          0          0          0          0         68   use_no_semi.o
        10          0          0          0          0        116   fpinit.o
         4          0          0          0          0        116   printf1.o
         0          0          0          0          0          0   usenofp.o
       312         54          0          0          0        176   asinf.o
       600         98          0          0          0        184   atan2f.o
        48          0          0          0          0        124   fpclassify.o
        38          0          0          0          0        116   fpclassifyf.o
        44         12          0          0          0        464   funder.o
       120          0          0          0          0        272   sqrtf.o

    ----------------------------------------------------------------------
      6186        358        176          0         96       4548   Library Totals
        14          0          0          0          0          0   (incl. Padding)

    ----------------------------------------------------------------------

      Code (inc. data)   RO Data    RW Data    ZI Data      Debug   Library Name

      4996        194        176          0         96       2980   c_w.l
        14          0          0          0          0        232   fz_wv.l
      1162        164          0          0          0       1336   m_wv.l

    ----------------------------------------------------------------------
      6186        358        176          0         96       4548   Library Totals

    ----------------------------------------------------------------------

==============================================================================


      Code (inc. data)   RO Data    RW Data    ZI Data      Debug   

     40396       2168       1020        164      49612    1672907   Grand Totals
     40396       2168       1020        164      49612    1672907   ELF Image Totals
     40396       2168       1020        164          0          0   ROM Totals

==============================================================================

    Total RO  Size (Code + RO Data)                41416 (  40.45kB)
    Total RW  Size (RW Data + ZI Data)             49776 (  48.61kB)
    Total ROM Size (Code + RO Data + RW Data)      41580 (  40.61kB)

==============================================================================

